<?xml version="1.0" encoding="ISO-8859-1" ?>
<link_info>
   <banner>TI ARM Linker Unix v20.2.6.LTS</banner>
   <copyright>Copyright (c) 1996-2018 Texas Instruments Incorporated</copyright>
   <link_time>0x62182a3a</link_time>
   <link_errors>0x0</link_errors>
   <output_file>gpiointerrupt_CC3220SF_LAUNCHXL_nortos_ccs.out</output_file>
   <entry_point>
      <name>resetISR</name>
      <address>0x10066a1</address>
   </entry_point>
   <input_file_list>
      <input_file id="fl-1">
         <path>./</path>
         <kind>object</kind>
         <file>gpiointerrupt.obj</file>
         <name>gpiointerrupt.obj</name>
      </input_file>
      <input_file id="fl-2">
         <path>./syscfg/</path>
         <kind>object</kind>
         <file>ti_drivers_config.obj</file>
         <name>ti_drivers_config.obj</name>
      </input_file>
      <input_file id="fl-3">
         <path>./</path>
         <kind>object</kind>
         <file>main_nortos.obj</file>
         <name>main_nortos.obj</name>
      </input_file>
      <input_file id="fl-c">
         <kind>object</kind>
         <file>&lt;internal&gt;</file>
         <name>&lt;internal&gt;</name>
      </input_file>
      <input_file id="fl-d">
         <path>/Applications/ti/simplelink_cc32xx_sdk_5_30_00_08/source/ti/drivers/lib/ccs/m4/</path>
         <kind>archive</kind>
         <file>drivers_cc32xx.a</file>
         <name>GPIO.oem4</name>
      </input_file>
      <input_file id="fl-e">
         <path>/Applications/ti/simplelink_cc32xx_sdk_5_30_00_08/source/ti/drivers/lib/ccs/m4/</path>
         <kind>archive</kind>
         <file>drivers_cc32xx.a</file>
         <name>I2C.oem4</name>
      </input_file>
      <input_file id="fl-f">
         <path>/Applications/ti/simplelink_cc32xx_sdk_5_30_00_08/source/ti/drivers/lib/ccs/m4/</path>
         <kind>archive</kind>
         <file>drivers_cc32xx.a</file>
         <name>Timer.oem4</name>
      </input_file>
      <input_file id="fl-10">
         <path>/Applications/ti/simplelink_cc32xx_sdk_5_30_00_08/source/ti/drivers/lib/ccs/m4/</path>
         <kind>archive</kind>
         <file>drivers_cc32xx.a</file>
         <name>UART.oem4</name>
      </input_file>
      <input_file id="fl-11">
         <path>/Applications/ti/simplelink_cc32xx_sdk_5_30_00_08/source/ti/drivers/lib/ccs/m4/</path>
         <kind>archive</kind>
         <file>drivers_cc32xx.a</file>
         <name>GPIOCC32XX.oem4</name>
      </input_file>
      <input_file id="fl-12">
         <path>/Applications/ti/simplelink_cc32xx_sdk_5_30_00_08/source/ti/drivers/lib/ccs/m4/</path>
         <kind>archive</kind>
         <file>drivers_cc32xx.a</file>
         <name>I2CCC32XX.oem4</name>
      </input_file>
      <input_file id="fl-13">
         <path>/Applications/ti/simplelink_cc32xx_sdk_5_30_00_08/source/ti/drivers/lib/ccs/m4/</path>
         <kind>archive</kind>
         <file>drivers_cc32xx.a</file>
         <name>PowerCC32XX.oem4</name>
      </input_file>
      <input_file id="fl-14">
         <path>/Applications/ti/simplelink_cc32xx_sdk_5_30_00_08/source/ti/drivers/lib/ccs/m4/</path>
         <kind>archive</kind>
         <file>drivers_cc32xx.a</file>
         <name>PowerCC32XX_asm.oem4</name>
      </input_file>
      <input_file id="fl-15">
         <path>/Applications/ti/simplelink_cc32xx_sdk_5_30_00_08/source/ti/drivers/lib/ccs/m4/</path>
         <kind>archive</kind>
         <file>drivers_cc32xx.a</file>
         <name>TimerCC32XX.oem4</name>
      </input_file>
      <input_file id="fl-16">
         <path>/Applications/ti/simplelink_cc32xx_sdk_5_30_00_08/source/ti/drivers/lib/ccs/m4/</path>
         <kind>archive</kind>
         <file>drivers_cc32xx.a</file>
         <name>UARTCC32XX.oem4</name>
      </input_file>
      <input_file id="fl-17">
         <path>/Applications/ti/simplelink_cc32xx_sdk_5_30_00_08/source/ti/drivers/lib/ccs/m4/</path>
         <kind>archive</kind>
         <file>drivers_cc32xx.a</file>
         <name>List.oem4</name>
      </input_file>
      <input_file id="fl-18">
         <path>/Applications/ti/simplelink_cc32xx_sdk_5_30_00_08/source/ti/drivers/lib/ccs/m4/</path>
         <kind>archive</kind>
         <file>drivers_cc32xx.a</file>
         <name>RingBuf.oem4</name>
      </input_file>
      <input_file id="fl-19">
         <path>/Applications/ti/simplelink_cc32xx_sdk_5_30_00_08/kernel/nortos/lib/ccs/m4/</path>
         <kind>archive</kind>
         <file>nortos_cc32xx.a</file>
         <name>NoRTOS.oem4</name>
      </input_file>
      <input_file id="fl-1a">
         <path>/Applications/ti/simplelink_cc32xx_sdk_5_30_00_08/kernel/nortos/lib/ccs/m4/</path>
         <kind>archive</kind>
         <file>nortos_cc32xx.a</file>
         <name>SemaphoreP_nortos.oem4</name>
      </input_file>
      <input_file id="fl-1b">
         <path>/Applications/ti/simplelink_cc32xx_sdk_5_30_00_08/kernel/nortos/lib/ccs/m4/</path>
         <kind>archive</kind>
         <file>nortos_cc32xx.a</file>
         <name>ClockPSysTick_nortos.oem4</name>
      </input_file>
      <input_file id="fl-1c">
         <path>/Applications/ti/simplelink_cc32xx_sdk_5_30_00_08/kernel/nortos/lib/ccs/m4/</path>
         <kind>archive</kind>
         <file>nortos_cc32xx.a</file>
         <name>HwiPCC32XX_nortos.oem4</name>
      </input_file>
      <input_file id="fl-1d">
         <path>/Applications/ti/simplelink_cc32xx_sdk_5_30_00_08/kernel/nortos/lib/ccs/m4/</path>
         <kind>archive</kind>
         <file>nortos_cc32xx.a</file>
         <name>PowerCC32XX_nortos.oem4</name>
      </input_file>
      <input_file id="fl-1e">
         <path>/Applications/ti/simplelink_cc32xx_sdk_5_30_00_08/kernel/nortos/lib/ccs/m4/</path>
         <kind>archive</kind>
         <file>nortos_cc32xx.a</file>
         <name>startup_cc32xx_ccs.oem4</name>
      </input_file>
      <input_file id="fl-1f">
         <path>/Applications/ti/simplelink_cc32xx_sdk_5_30_00_08/kernel/nortos/lib/ccs/m4/</path>
         <kind>archive</kind>
         <file>nortos_cc32xx.a</file>
         <name>SwiP_nortos.oem4</name>
      </input_file>
      <input_file id="fl-20">
         <path>/Applications/ti/simplelink_cc32xx_sdk_5_30_00_08/kernel/nortos/lib/ccs/m4/</path>
         <kind>archive</kind>
         <file>nortos_cc32xx.a</file>
         <name>QueueP_nortos.oem4</name>
      </input_file>
      <input_file id="fl-21">
         <path>/Applications/ti/simplelink_cc32xx_sdk_5_30_00_08/source/ti/devices/cc32xx/driverlib/ccs/Release/</path>
         <kind>archive</kind>
         <file>driverlib.a</file>
         <name>cpu.obj</name>
      </input_file>
      <input_file id="fl-22">
         <path>/Applications/ti/simplelink_cc32xx_sdk_5_30_00_08/source/ti/devices/cc32xx/driverlib/ccs/Release/</path>
         <kind>archive</kind>
         <file>driverlib.a</file>
         <name>i2c.obj</name>
      </input_file>
      <input_file id="fl-23">
         <path>/Applications/ti/simplelink_cc32xx_sdk_5_30_00_08/source/ti/devices/cc32xx/driverlib/ccs/Release/</path>
         <kind>archive</kind>
         <file>driverlib.a</file>
         <name>interrupt.obj</name>
      </input_file>
      <input_file id="fl-24">
         <path>/Applications/ti/simplelink_cc32xx_sdk_5_30_00_08/source/ti/devices/cc32xx/driverlib/ccs/Release/</path>
         <kind>archive</kind>
         <file>driverlib.a</file>
         <name>pin.obj</name>
      </input_file>
      <input_file id="fl-25">
         <path>/Applications/ti/simplelink_cc32xx_sdk_5_30_00_08/source/ti/devices/cc32xx/driverlib/ccs/Release/</path>
         <kind>archive</kind>
         <file>driverlib.a</file>
         <name>prcm.obj</name>
      </input_file>
      <input_file id="fl-26">
         <path>/Applications/ti/simplelink_cc32xx_sdk_5_30_00_08/source/ti/devices/cc32xx/driverlib/ccs/Release/</path>
         <kind>archive</kind>
         <file>driverlib.a</file>
         <name>timer.obj</name>
      </input_file>
      <input_file id="fl-27">
         <path>/Applications/ti/simplelink_cc32xx_sdk_5_30_00_08/source/ti/devices/cc32xx/driverlib/ccs/Release/</path>
         <kind>archive</kind>
         <file>driverlib.a</file>
         <name>uart.obj</name>
      </input_file>
      <input_file id="fl-28">
         <path>/Applications/ti/simplelink_cc32xx_sdk_5_30_00_08/source/ti/devices/cc32xx/driverlib/ccs/Release/</path>
         <kind>archive</kind>
         <file>driverlib.a</file>
         <name>utils.obj</name>
      </input_file>
      <input_file id="fl-29">
         <path>/Applications/ti/simplelink_cc32xx_sdk_5_30_00_08/source/ti/devices/cc32xx/driverlib/ccs/Release/</path>
         <kind>archive</kind>
         <file>driverlib.a</file>
         <name>flash.obj</name>
      </input_file>
      <input_file id="fl-df">
         <path>/Applications/ti/ccs1110/ccs/tools/compiler/ti-cgt-arm_20.2.6.LTS/lib/</path>
         <kind>archive</kind>
         <file>rtsv7M4_T_le_eabi.lib</file>
         <name>snprintf.c.obj</name>
      </input_file>
      <input_file id="fl-e0">
         <path>/Applications/ti/ccs1110/ccs/tools/compiler/ti-cgt-arm_20.2.6.LTS/lib/</path>
         <kind>archive</kind>
         <file>rtsv7M4_T_le_eabi.lib</file>
         <name>fs_mul_t2.asm.obj</name>
      </input_file>
      <input_file id="fl-e1">
         <path>/Applications/ti/ccs1110/ccs/tools/compiler/ti-cgt-arm_20.2.6.LTS/lib/</path>
         <kind>archive</kind>
         <file>rtsv7M4_T_le_eabi.lib</file>
         <name>fs_toi_t2.asm.obj</name>
      </input_file>
      <input_file id="fl-e2">
         <path>/Applications/ti/ccs1110/ccs/tools/compiler/ti-cgt-arm_20.2.6.LTS/lib/</path>
         <kind>archive</kind>
         <file>rtsv7M4_T_le_eabi.lib</file>
         <name>i_tofs_t2.asm.obj</name>
      </input_file>
      <input_file id="fl-e3">
         <path>/Applications/ti/ccs1110/ccs/tools/compiler/ti-cgt-arm_20.2.6.LTS/lib/</path>
         <kind>archive</kind>
         <file>rtsv7M4_T_le_eabi.lib</file>
         <name>ll_mul_t2.asm.obj</name>
      </input_file>
      <input_file id="fl-e4">
         <path>/Applications/ti/ccs1110/ccs/tools/compiler/ti-cgt-arm_20.2.6.LTS/lib/</path>
         <kind>archive</kind>
         <file>rtsv7M4_T_le_eabi.lib</file>
         <name>memcpy_t2.asm.obj</name>
      </input_file>
      <input_file id="fl-e5">
         <path>/Applications/ti/ccs1110/ccs/tools/compiler/ti-cgt-arm_20.2.6.LTS/lib/</path>
         <kind>archive</kind>
         <file>rtsv7M4_T_le_eabi.lib</file>
         <name>ull_div_t2.asm.obj</name>
      </input_file>
      <input_file id="fl-e6">
         <path>/Applications/ti/ccs1110/ccs/tools/compiler/ti-cgt-arm_20.2.6.LTS/lib/</path>
         <kind>archive</kind>
         <file>rtsv7M4_T_le_eabi.lib</file>
         <name>copy_zero_init.c.obj</name>
      </input_file>
      <input_file id="fl-e7">
         <path>/Applications/ti/ccs1110/ccs/tools/compiler/ti-cgt-arm_20.2.6.LTS/lib/</path>
         <kind>archive</kind>
         <file>rtsv7M4_T_le_eabi.lib</file>
         <name>copy_decompress_none.c.obj</name>
      </input_file>
      <input_file id="fl-e8">
         <path>/Applications/ti/ccs1110/ccs/tools/compiler/ti-cgt-arm_20.2.6.LTS/lib/</path>
         <kind>archive</kind>
         <file>rtsv7M4_T_le_eabi.lib</file>
         <name>copy_decompress_lzss.c.obj</name>
      </input_file>
      <input_file id="fl-e9">
         <path>/Applications/ti/ccs1110/ccs/tools/compiler/ti-cgt-arm_20.2.6.LTS/lib/</path>
         <kind>archive</kind>
         <file>rtsv7M4_T_le_eabi.lib</file>
         <name>memory.c.obj</name>
      </input_file>
      <input_file id="fl-ea">
         <path>/Applications/ti/ccs1110/ccs/tools/compiler/ti-cgt-arm_20.2.6.LTS/lib/</path>
         <kind>archive</kind>
         <file>rtsv7M4_T_le_eabi.lib</file>
         <name>boot_cortex_m.c.obj</name>
      </input_file>
      <input_file id="fl-eb">
         <path>/Applications/ti/ccs1110/ccs/tools/compiler/ti-cgt-arm_20.2.6.LTS/lib/</path>
         <kind>archive</kind>
         <file>rtsv7M4_T_le_eabi.lib</file>
         <name>_printfi.c.obj</name>
      </input_file>
      <input_file id="fl-ec">
         <path>/Applications/ti/ccs1110/ccs/tools/compiler/ti-cgt-arm_20.2.6.LTS/lib/</path>
         <kind>archive</kind>
         <file>rtsv7M4_T_le_eabi.lib</file>
         <name>div0.asm.obj</name>
      </input_file>
      <input_file id="fl-ed">
         <path>/Applications/ti/ccs1110/ccs/tools/compiler/ti-cgt-arm_20.2.6.LTS/lib/</path>
         <kind>archive</kind>
         <file>rtsv7M4_T_le_eabi.lib</file>
         <name>fd_add_t2.asm.obj</name>
      </input_file>
      <input_file id="fl-ee">
         <path>/Applications/ti/ccs1110/ccs/tools/compiler/ti-cgt-arm_20.2.6.LTS/lib/</path>
         <kind>archive</kind>
         <file>rtsv7M4_T_le_eabi.lib</file>
         <name>fd_cmp_t2.asm.obj</name>
      </input_file>
      <input_file id="fl-ef">
         <path>/Applications/ti/ccs1110/ccs/tools/compiler/ti-cgt-arm_20.2.6.LTS/lib/</path>
         <kind>archive</kind>
         <file>rtsv7M4_T_le_eabi.lib</file>
         <name>fd_div_t2.asm.obj</name>
      </input_file>
      <input_file id="fl-f0">
         <path>/Applications/ti/ccs1110/ccs/tools/compiler/ti-cgt-arm_20.2.6.LTS/lib/</path>
         <kind>archive</kind>
         <file>rtsv7M4_T_le_eabi.lib</file>
         <name>fd_mul_t2.asm.obj</name>
      </input_file>
      <input_file id="fl-f1">
         <path>/Applications/ti/ccs1110/ccs/tools/compiler/ti-cgt-arm_20.2.6.LTS/lib/</path>
         <kind>archive</kind>
         <file>rtsv7M4_T_le_eabi.lib</file>
         <name>fd_toi_t2.asm.obj</name>
      </input_file>
      <input_file id="fl-f2">
         <path>/Applications/ti/ccs1110/ccs/tools/compiler/ti-cgt-arm_20.2.6.LTS/lib/</path>
         <kind>archive</kind>
         <file>rtsv7M4_T_le_eabi.lib</file>
         <name>i_tofd_t2.asm.obj</name>
      </input_file>
      <input_file id="fl-f3">
         <path>/Applications/ti/ccs1110/ccs/tools/compiler/ti-cgt-arm_20.2.6.LTS/lib/</path>
         <kind>archive</kind>
         <file>rtsv7M4_T_le_eabi.lib</file>
         <name>memset_t2.asm.obj</name>
      </input_file>
      <input_file id="fl-f4">
         <path>/Applications/ti/ccs1110/ccs/tools/compiler/ti-cgt-arm_20.2.6.LTS/lib/</path>
         <kind>archive</kind>
         <file>rtsv7M4_T_le_eabi.lib</file>
         <name>autoinit.c.obj</name>
      </input_file>
      <input_file id="fl-f5">
         <path>/Applications/ti/ccs1110/ccs/tools/compiler/ti-cgt-arm_20.2.6.LTS/lib/</path>
         <kind>archive</kind>
         <file>rtsv7M4_T_le_eabi.lib</file>
         <name>pre_init.c.obj</name>
      </input_file>
      <input_file id="fl-f6">
         <path>/Applications/ti/ccs1110/ccs/tools/compiler/ti-cgt-arm_20.2.6.LTS/lib/</path>
         <kind>archive</kind>
         <file>rtsv7M4_T_le_eabi.lib</file>
         <name>cpy_tbl.c.obj</name>
      </input_file>
      <input_file id="fl-f7">
         <path>/Applications/ti/ccs1110/ccs/tools/compiler/ti-cgt-arm_20.2.6.LTS/lib/</path>
         <kind>archive</kind>
         <file>rtsv7M4_T_le_eabi.lib</file>
         <name>exit.c.obj</name>
      </input_file>
      <input_file id="fl-f8">
         <path>/Applications/ti/ccs1110/ccs/tools/compiler/ti-cgt-arm_20.2.6.LTS/lib/</path>
         <kind>archive</kind>
         <file>rtsv7M4_T_le_eabi.lib</file>
         <name>_lock.c.obj</name>
      </input_file>
      <input_file id="fl-f9">
         <path>/Applications/ti/ccs1110/ccs/tools/compiler/ti-cgt-arm_20.2.6.LTS/lib/</path>
         <kind>archive</kind>
         <file>rtsv7M4_T_le_eabi.lib</file>
         <name>_ltoa.c.obj</name>
      </input_file>
      <input_file id="fl-fa">
         <path>/Applications/ti/ccs1110/ccs/tools/compiler/ti-cgt-arm_20.2.6.LTS/lib/</path>
         <kind>archive</kind>
         <file>rtsv7M4_T_le_eabi.lib</file>
         <name>args_main.c.obj</name>
      </input_file>
      <input_file id="fl-fb">
         <path>/Applications/ti/ccs1110/ccs/tools/compiler/ti-cgt-arm_20.2.6.LTS/lib/</path>
         <kind>archive</kind>
         <file>rtsv7M4_T_le_eabi.lib</file>
         <name>atoi.c.obj</name>
      </input_file>
      <input_file id="fl-fc">
         <path>/Applications/ti/ccs1110/ccs/tools/compiler/ti-cgt-arm_20.2.6.LTS/lib/</path>
         <kind>archive</kind>
         <file>rtsv7M4_T_le_eabi.lib</file>
         <name>ctype.c.obj</name>
      </input_file>
      <input_file id="fl-fd">
         <path>/Applications/ti/ccs1110/ccs/tools/compiler/ti-cgt-arm_20.2.6.LTS/lib/</path>
         <kind>archive</kind>
         <file>rtsv7M4_T_le_eabi.lib</file>
         <name>memccpy.c.obj</name>
      </input_file>
      <input_file id="fl-fe">
         <path>/Applications/ti/ccs1110/ccs/tools/compiler/ti-cgt-arm_20.2.6.LTS/lib/</path>
         <kind>archive</kind>
         <file>rtsv7M4_T_le_eabi.lib</file>
         <name>strchr.c.obj</name>
      </input_file>
      <input_file id="fl-ff">
         <path>/Applications/ti/ccs1110/ccs/tools/compiler/ti-cgt-arm_20.2.6.LTS/lib/</path>
         <kind>archive</kind>
         <file>rtsv7M4_T_le_eabi.lib</file>
         <name>strlen.c.obj</name>
      </input_file>
      <input_file id="fl-100">
         <path>/Applications/ti/ccs1110/ccs/tools/compiler/ti-cgt-arm_20.2.6.LTS/lib/</path>
         <kind>archive</kind>
         <file>rtsv7M4_T_le_eabi.lib</file>
         <name>errno.c.obj</name>
      </input_file>
      <input_file id="fl-101">
         <path>/Applications/ti/ccs1110/ccs/tools/compiler/ti-cgt-arm_20.2.6.LTS/lib/</path>
         <kind>archive</kind>
         <file>rtsv7M4_T_le_eabi.lib</file>
         <name>s_frexp.c.obj</name>
      </input_file>
      <input_file id="fl-102">
         <path>/Applications/ti/ccs1110/ccs/tools/compiler/ti-cgt-arm_20.2.6.LTS/lib/</path>
         <kind>archive</kind>
         <file>rtsv7M4_T_le_eabi.lib</file>
         <name>s_scalbn.c.obj</name>
      </input_file>
      <input_file id="fl-103">
         <path>/Applications/ti/ccs1110/ccs/tools/compiler/ti-cgt-arm_20.2.6.LTS/lib/</path>
         <kind>archive</kind>
         <file>rtsv7M4_T_le_eabi.lib</file>
         <name>s_copysign.c.obj</name>
      </input_file>
      <input_file id="fl-104">
         <path>/Applications/ti/ccs1110/ccs/tools/compiler/ti-cgt-arm_20.2.6.LTS/lib/</path>
         <kind>archive</kind>
         <file>rtsv7M4_T_le_eabi.lib</file>
         <name>wcslen.c.obj</name>
      </input_file>
   </input_file_list>
   <object_component_list>
      <object_component id="oc-39b">
         <name>.text:__TI_printfi</name>
         <load_address>0x1000840</load_address>
         <run_address>0x1000840</run_address>
         <size>0xa4e</size>
         <input_file_ref idref="fl-eb"/>
      </object_component>
      <object_component id="oc-1ee">
         <name>.text:Board_initHook</name>
         <load_address>0x100128e</load_address>
         <run_address>0x100128e</run_address>
         <size>0x2</size>
         <input_file_ref idref="fl-2"/>
      </object_component>
      <object_component id="oc-1dc">
         <name>.text:PRCMCC3200MCUInit</name>
         <load_address>0x1001290</load_address>
         <run_address>0x1001290</run_address>
         <size>0x42c</size>
         <input_file_ref idref="fl-25"/>
      </object_component>
      <object_component id="oc-82c">
         <name>.text:UARTCC32XX_open</name>
         <load_address>0x10016bc</load_address>
         <run_address>0x10016bc</run_address>
         <size>0x288</size>
         <input_file_ref idref="fl-16"/>
      </object_component>
      <object_component id="oc-557">
         <name>.text:_pconv_a</name>
         <load_address>0x1001944</load_address>
         <run_address>0x1001944</run_address>
         <size>0x268</size>
         <input_file_ref idref="fl-eb"/>
      </object_component>
      <object_component id="oc-167">
         <name>.text:mainThread</name>
         <load_address>0x1001bac</load_address>
         <run_address>0x1001bac</run_address>
         <size>0x220</size>
         <input_file_ref idref="fl-1"/>
      </object_component>
      <object_component id="oc-545">
         <name>.text:_pconv_g</name>
         <load_address>0x1001dcc</load_address>
         <run_address>0x1001dcc</run_address>
         <size>0x1cc</size>
         <input_file_ref idref="fl-eb"/>
      </object_component>
      <object_component id="oc-214">
         <name>.text:initI2C</name>
         <load_address>0x1001f98</load_address>
         <run_address>0x1001f98</run_address>
         <size>0x1c4</size>
         <input_file_ref idref="fl-1"/>
      </object_component>
      <object_component id="oc-751">
         <name>.text</name>
         <load_address>0x100215c</load_address>
         <run_address>0x100215c</run_address>
         <size>0x1b6</size>
         <input_file_ref idref="fl-ed"/>
      </object_component>
      <object_component id="oc-360">
         <name>.text:I2C_init</name>
         <load_address>0x1002312</load_address>
         <run_address>0x1002312</run_address>
         <size>0x2</size>
         <input_file_ref idref="fl-e"/>
      </object_component>
      <object_component id="oc-411">
         <name>.text:PowerCC32XX_sleepPolicy</name>
         <load_address>0x1002314</load_address>
         <run_address>0x1002314</run_address>
         <size>0x19c</size>
         <input_file_ref idref="fl-1d"/>
      </object_component>
      <object_component id="oc-1f6">
         <name>.text:GPIO_setConfig</name>
         <load_address>0x10024b0</load_address>
         <run_address>0x10024b0</run_address>
         <size>0x154</size>
         <input_file_ref idref="fl-11"/>
      </object_component>
      <object_component id="oc-4d6">
         <name>.text:I2CCC32XX_hwiFxn</name>
         <load_address>0x1002604</load_address>
         <run_address>0x1002604</run_address>
         <size>0x148</size>
         <input_file_ref idref="fl-12"/>
      </object_component>
      <object_component id="oc-7c1">
         <name>.text:parkPins</name>
         <load_address>0x100274c</load_address>
         <run_address>0x100274c</run_address>
         <size>0x148</size>
         <input_file_ref idref="fl-13"/>
      </object_component>
      <object_component id="oc-551">
         <name>.text:_pconv_e</name>
         <load_address>0x1002894</load_address>
         <run_address>0x1002894</run_address>
         <size>0x13c</size>
         <input_file_ref idref="fl-eb"/>
      </object_component>
      <object_component id="oc-5d0">
         <name>.text:Power_sleep</name>
         <load_address>0x10029d0</load_address>
         <run_address>0x10029d0</run_address>
         <size>0x138</size>
         <input_file_ref idref="fl-13"/>
      </object_component>
      <object_component id="oc-388">
         <name>.text:Timer_open</name>
         <load_address>0x1002b08</load_address>
         <run_address>0x1002b08</run_address>
         <size>0x138</size>
         <input_file_ref idref="fl-15"/>
      </object_component>
      <object_component id="oc-737">
         <name>.text</name>
         <load_address>0x1002c40</load_address>
         <run_address>0x1002c40</run_address>
         <size>0x136</size>
         <input_file_ref idref="fl-ef"/>
      </object_component>
      <object_component id="oc-4e4">
         <name>.text:I2C_transferTimeout</name>
         <load_address>0x1002d76</load_address>
         <run_address>0x1002d76</run_address>
         <size>0x122</size>
         <input_file_ref idref="fl-e"/>
      </object_component>
      <object_component id="oc-81a">
         <name>.text:UARTCC32XX_close</name>
         <load_address>0x1002e98</load_address>
         <run_address>0x1002e98</run_address>
         <size>0x120</size>
         <input_file_ref idref="fl-16"/>
      </object_component>
      <object_component id="oc-763">
         <name>.text:fcvt</name>
         <load_address>0x1002fb8</load_address>
         <run_address>0x1002fb8</run_address>
         <size>0x120</size>
         <input_file_ref idref="fl-eb"/>
      </object_component>
      <object_component id="oc-628">
         <name>.text:aligned_alloc</name>
         <load_address>0x10030d8</load_address>
         <run_address>0x10030d8</run_address>
         <size>0x100</size>
         <input_file_ref idref="fl-e9"/>
      </object_component>
      <object_component id="oc-36c">
         <name>.text:I2C_open</name>
         <load_address>0x10031d8</load_address>
         <run_address>0x10031d8</run_address>
         <size>0xfc</size>
         <input_file_ref idref="fl-12"/>
      </object_component>
      <object_component id="oc-732">
         <name>.text</name>
         <load_address>0x10032d4</load_address>
         <run_address>0x10032d4</run_address>
         <size>0xfc</size>
         <input_file_ref idref="fl-f0"/>
      </object_component>
      <object_component id="oc-820">
         <name>.text:UARTCC32XX_control</name>
         <load_address>0x10033d0</load_address>
         <run_address>0x10033d0</run_address>
         <size>0xf2</size>
         <input_file_ref idref="fl-16"/>
      </object_component>
      <object_component id="oc-40b">
         <name>.text:PowerCC32XX_initPolicy</name>
         <load_address>0x10034c2</load_address>
         <run_address>0x10034c2</run_address>
         <size>0x2</size>
         <input_file_ref idref="fl-1d"/>
      </object_component>
      <object_component id="oc-22c">
         <name>.text:readTemp</name>
         <load_address>0x10034c4</load_address>
         <run_address>0x10034c4</run_address>
         <size>0xec</size>
         <input_file_ref idref="fl-1"/>
      </object_component>
      <object_component id="oc-42d">
         <name>.text:free</name>
         <load_address>0x10035b0</load_address>
         <run_address>0x10035b0</run_address>
         <size>0xe4</size>
         <input_file_ref idref="fl-e9"/>
      </object_component>
      <object_component id="oc-777">
         <name>.text:scalbn</name>
         <load_address>0x1003694</load_address>
         <run_address>0x1003694</run_address>
         <size>0xd0</size>
         <input_file_ref idref="fl-102"/>
      </object_component>
      <object_component id="oc-844">
         <name>.text:UARTCC32XX_write</name>
         <load_address>0x1003764</load_address>
         <run_address>0x1003764</run_address>
         <size>0xca</size>
         <input_file_ref idref="fl-16"/>
      </object_component>
      <object_component id="oc-6dd">
         <name>.text:SemaphoreP_destruct</name>
         <load_address>0x100382e</load_address>
         <run_address>0x100382e</run_address>
         <size>0x2</size>
         <input_file_ref idref="fl-1a"/>
      </object_component>
      <object_component id="oc-7de">
         <name>.text:restoreParkedPins</name>
         <load_address>0x1003830</load_address>
         <run_address>0x1003830</run_address>
         <size>0xc0</size>
         <input_file_ref idref="fl-13"/>
      </object_component>
      <object_component id="oc-838">
         <name>.text:UARTCC32XX_readPolling</name>
         <load_address>0x10038f0</load_address>
         <run_address>0x10038f0</run_address>
         <size>0xba</size>
         <input_file_ref idref="fl-16"/>
      </object_component>
      <object_component id="oc-37c">
         <name>.text:Timer_init</name>
         <load_address>0x10039aa</load_address>
         <run_address>0x10039aa</run_address>
         <size>0x2</size>
         <input_file_ref idref="fl-f"/>
      </object_component>
      <object_component id="oc-9a1">
         <name>.text:initHw</name>
         <load_address>0x10039ac</load_address>
         <run_address>0x10039ac</run_address>
         <size>0xb8</size>
         <input_file_ref idref="fl-16"/>
      </object_component>
      <object_component id="oc-a4a">
         <name>.text:readTaskCallback</name>
         <load_address>0x1003a64</load_address>
         <run_address>0x1003a64</run_address>
         <size>0xb6</size>
         <input_file_ref idref="fl-16"/>
      </object_component>
      <object_component id="oc-688">
         <name>.text:I2CCC32XX_completeTransfer</name>
         <load_address>0x1003b1a</load_address>
         <run_address>0x1003b1a</run_address>
         <size>0xb2</size>
         <input_file_ref idref="fl-12"/>
      </object_component>
      <object_component id="oc-53a">
         <name>.text:_ltostr</name>
         <load_address>0x1003bcc</load_address>
         <run_address>0x1003bcc</run_address>
         <size>0xb1</size>
         <input_file_ref idref="fl-eb"/>
      </object_component>
      <object_component id="oc-a38">
         <name>.text:readTaskBlocking</name>
         <load_address>0x1003c7e</load_address>
         <run_address>0x1003c7e</run_address>
         <size>0xb0</size>
         <input_file_ref idref="fl-16"/>
      </object_component>
      <object_component id="oc-a3e">
         <name>.text:readIsrTextBlocking</name>
         <load_address>0x1003d2e</load_address>
         <run_address>0x1003d2e</run_address>
         <size>0xae</size>
         <input_file_ref idref="fl-16"/>
      </object_component>
      <object_component id="oc-676">
         <name>.text:I2CCC32XX_primeWriteBurst</name>
         <load_address>0x1003ddc</load_address>
         <run_address>0x1003ddc</run_address>
         <size>0xa8</size>
         <input_file_ref idref="fl-12"/>
      </object_component>
      <object_component id="oc-b6">
         <name>.text:IntEnable</name>
         <load_address>0x1003e84</load_address>
         <run_address>0x1003e84</run_address>
         <size>0xa8</size>
         <input_file_ref idref="fl-23"/>
      </object_component>
      <object_component id="oc-2d2">
         <name>.text:PowerCC32XX_configureWakeup</name>
         <load_address>0x1003f2c</load_address>
         <run_address>0x1003f2c</run_address>
         <size>0xa8</size>
         <input_file_ref idref="fl-13"/>
      </object_component>
      <object_component id="oc-a50">
         <name>.text:readIsrTextCallback</name>
         <load_address>0x1003fd4</load_address>
         <run_address>0x1003fd4</run_address>
         <size>0xa2</size>
         <input_file_ref idref="fl-16"/>
      </object_component>
      <object_component id="oc-9d8">
         <name>.text:writeData</name>
         <load_address>0x1004076</load_address>
         <run_address>0x1004076</run_address>
         <size>0xa2</size>
         <input_file_ref idref="fl-16"/>
      </object_component>
      <object_component id="oc-2f7">
         <name>.text:SemaphoreP_pend</name>
         <load_address>0x1004118</load_address>
         <run_address>0x1004118</run_address>
         <size>0xa0</size>
         <input_file_ref idref="fl-1a"/>
      </object_component>
      <object_component id="oc-4c4">
         <name>.text:I2CCC32XX_initHw</name>
         <load_address>0x10041b8</load_address>
         <run_address>0x10041b8</run_address>
         <size>0x9c</size>
         <input_file_ref idref="fl-12"/>
      </object_component>
      <object_component id="oc-3c">
         <name>.text</name>
         <load_address>0x1004254</load_address>
         <run_address>0x1004254</run_address>
         <size>0x9c</size>
         <input_file_ref idref="fl-e4"/>
      </object_component>
      <object_component id="oc-5cb">
         <name>.text</name>
         <load_address>0x10042f0</load_address>
         <run_address>0x10042f0</run_address>
         <size>0x96</size>
         <input_file_ref idref="fl-e5"/>
      </object_component>
      <object_component id="oc-826">
         <name>.text:UARTCC32XX_init</name>
         <load_address>0x1004386</load_address>
         <run_address>0x1004386</run_address>
         <size>0x2</size>
         <input_file_ref idref="fl-16"/>
      </object_component>
      <object_component id="oc-1e8">
         <name>.text:GPIO_init</name>
         <load_address>0x1004388</load_address>
         <run_address>0x1004388</run_address>
         <size>0x90</size>
         <input_file_ref idref="fl-11"/>
      </object_component>
      <object_component id="oc-7d2">
         <name>.text:restoreNVICRegs</name>
         <load_address>0x1004418</load_address>
         <run_address>0x1004418</run_address>
         <size>0x90</size>
         <input_file_ref idref="fl-13"/>
      </object_component>
      <object_component id="oc-48d">
         <name>.text:HwiP_construct</name>
         <load_address>0x10044a8</load_address>
         <run_address>0x10044a8</run_address>
         <size>0x8c</size>
         <input_file_ref idref="fl-1c"/>
      </object_component>
      <object_component id="oc-95b">
         <name>.text:IntPendSet</name>
         <load_address>0x1004534</load_address>
         <run_address>0x1004534</run_address>
         <size>0x88</size>
         <input_file_ref idref="fl-23"/>
      </object_component>
      <object_component id="oc-31e">
         <name>.text:PinConfigSet</name>
         <load_address>0x10045bc</load_address>
         <run_address>0x10045bc</run_address>
         <size>0x88</size>
         <input_file_ref idref="fl-24"/>
      </object_component>
      <object_component id="oc-540">
         <name>.text:__aeabi_cdcmple</name>
         <load_address>0x1004644</load_address>
         <run_address>0x1004644</run_address>
         <size>0x86</size>
         <input_file_ref idref="fl-ee"/>
      </object_component>
      <object_component id="oc-73c">
         <name>.text:__aeabi_cdrcmple</name>
         <load_address>0x10046ca</load_address>
         <run_address>0x10046ca</run_address>
         <size>0x86</size>
         <input_file_ref idref="fl-ee"/>
      </object_component>
      <object_component id="oc-1e2">
         <name>.text:Power_init</name>
         <load_address>0x1004750</load_address>
         <run_address>0x1004750</run_address>
         <size>0x84</size>
         <input_file_ref idref="fl-13"/>
      </object_component>
      <object_component id="oc-7c7">
         <name>.text:saveNVICRegs</name>
         <load_address>0x10047d4</load_address>
         <run_address>0x10047d4</run_address>
         <size>0x84</size>
         <input_file_ref idref="fl-13"/>
      </object_component>
      <object_component id="oc-1fc">
         <name>.text:GPIO_write</name>
         <load_address>0x1004858</load_address>
         <run_address>0x1004858</run_address>
         <size>0x80</size>
         <input_file_ref idref="fl-11"/>
      </object_component>
      <object_component id="oc-324">
         <name>.text:Power_setDependency</name>
         <load_address>0x10048d8</load_address>
         <run_address>0x10048d8</run_address>
         <size>0x80</size>
         <input_file_ref idref="fl-13"/>
      </object_component>
      <object_component id="oc-a32">
         <name>.text:readIsrBinaryBlocking</name>
         <load_address>0x1004958</load_address>
         <run_address>0x1004958</run_address>
         <size>0x7c</size>
         <input_file_ref idref="fl-16"/>
      </object_component>
      <object_component id="oc-670">
         <name>.text:I2CCC32XX_primeReadBurst</name>
         <load_address>0x10049d4</load_address>
         <run_address>0x10049d4</run_address>
         <size>0x7a</size>
         <input_file_ref idref="fl-12"/>
      </object_component>
      <object_component id="oc-3c5">
         <name>.text</name>
         <load_address>0x1004a4e</load_address>
         <run_address>0x1004a4e</run_address>
         <size>0x7a</size>
         <input_file_ref idref="fl-e0"/>
      </object_component>
      <object_component id="oc-9e">
         <name>.text</name>
         <load_address>0x1004ac8</load_address>
         <run_address>0x1004ac8</run_address>
         <size>0x7a</size>
         <input_file_ref idref="fl-f3"/>
      </object_component>
      <object_component id="oc-a44">
         <name>.text:readIsrBinaryCallback</name>
         <load_address>0x1004b42</load_address>
         <run_address>0x1004b42</run_address>
         <size>0x78</size>
         <input_file_ref idref="fl-16"/>
      </object_component>
      <object_component id="oc-9b0">
         <name>.text:UARTCC32XX_hwiIntFxn</name>
         <load_address>0x1004bba</load_address>
         <run_address>0x1004bba</run_address>
         <size>0x74</size>
         <input_file_ref idref="fl-16"/>
      </object_component>
      <object_component id="oc-3d8">
         <name>.text:_nop</name>
         <load_address>0x1004c2e</load_address>
         <run_address>0x1004c2e</run_address>
         <size>0x2</size>
         <input_file_ref idref="fl-f8"/>
      </object_component>
      <object_component id="oc-316">
         <name>.text:powerNotifyFxn</name>
         <load_address>0x1004c30</load_address>
         <run_address>0x1004c30</run_address>
         <size>0x74</size>
         <input_file_ref idref="fl-11"/>
      </object_component>
      <object_component id="oc-80e">
         <name>.text:split</name>
         <load_address>0x1004ca4</load_address>
         <run_address>0x1004ca4</run_address>
         <size>0x70</size>
         <input_file_ref idref="fl-e9"/>
      </object_component>
      <object_component id="oc-75c">
         <name>.text:_mcpy</name>
         <load_address>0x1004d14</load_address>
         <run_address>0x1004d14</run_address>
         <size>0x6e</size>
         <input_file_ref idref="fl-eb"/>
      </object_component>
      <object_component id="oc-6a3">
         <name>.text:I2CSupport_primeTransfer</name>
         <load_address>0x1004d82</load_address>
         <run_address>0x1004d82</run_address>
         <size>0x6a</size>
         <input_file_ref idref="fl-12"/>
      </object_component>
      <object_component id="oc-15">
         <name>.text:decompress:lzss:__TI_decompress_lzss</name>
         <load_address>0x1004dec</load_address>
         <run_address>0x1004dec</run_address>
         <size>0x68</size>
         <input_file_ref idref="fl-e8"/>
      </object_component>
      <object_component id="oc-850">
         <name>.text:UARTCC32XX_writeCancel</name>
         <load_address>0x1004e54</load_address>
         <run_address>0x1004e54</run_address>
         <size>0x66</size>
         <input_file_ref idref="fl-16"/>
      </object_component>
      <object_component id="oc-74">
         <name>.text:busFaultHandler</name>
         <load_address>0x1004eba</load_address>
         <run_address>0x1004eba</run_address>
         <size>0x2</size>
         <input_file_ref idref="fl-1e"/>
      </object_component>
      <object_component id="oc-336">
         <name>.text:GPIO_setInterruptConfig</name>
         <load_address>0x1004ebc</load_address>
         <run_address>0x1004ebc</run_address>
         <size>0x64</size>
         <input_file_ref idref="fl-11"/>
      </object_component>
      <object_component id="oc-47d">
         <name>.text:PowerCC32XX_setParkState</name>
         <load_address>0x1004f20</load_address>
         <run_address>0x1004f20</run_address>
         <size>0x64</size>
         <input_file_ref idref="fl-13"/>
      </object_component>
      <object_component id="oc-84a">
         <name>.text:UARTCC32XX_writePolling</name>
         <load_address>0x1004f84</load_address>
         <run_address>0x1004f84</run_address>
         <size>0x62</size>
         <input_file_ref idref="fl-16"/>
      </object_component>
      <object_component id="oc-452">
         <name>.text:clkFxn</name>
         <load_address>0x1004fe6</load_address>
         <run_address>0x1004fe6</run_address>
         <size>0x2</size>
         <input_file_ref idref="fl-1a"/>
      </object_component>
      <object_component id="oc-33f">
         <name>.text:GPIO_hwiIntFxn</name>
         <load_address>0x1004fe8</load_address>
         <run_address>0x1004fe8</run_address>
         <size>0x60</size>
         <input_file_ref idref="fl-11"/>
      </object_component>
      <object_component id="oc-2a0">
         <name>.text:PRCMSysResetCauseGet</name>
         <load_address>0x1005048</load_address>
         <run_address>0x1005048</run_address>
         <size>0x60</size>
         <input_file_ref idref="fl-25"/>
      </object_component>
      <object_component id="oc-771">
         <name>.text:frexp</name>
         <load_address>0x10050a8</load_address>
         <run_address>0x10050a8</run_address>
         <size>0x5c</size>
         <input_file_ref idref="fl-101"/>
      </object_component>
      <object_component id="oc-91b">
         <name>.text:sysTickInit</name>
         <load_address>0x1005104</load_address>
         <run_address>0x1005104</run_address>
         <size>0x5c</size>
         <input_file_ref idref="fl-1b"/>
      </object_component>
      <object_component id="oc-2b9">
         <name>.text:PRCMPeripheralReset</name>
         <load_address>0x1005160</load_address>
         <run_address>0x1005160</run_address>
         <size>0x58</size>
         <input_file_ref idref="fl-25"/>
      </object_component>
      <object_component id="oc-8c8">
         <name>.text:Power_releaseDependency</name>
         <load_address>0x10051b8</load_address>
         <run_address>0x10051b8</run_address>
         <size>0x58</size>
         <input_file_ref idref="fl-13"/>
      </object_component>
      <object_component id="oc-54b">
         <name>.text:_pconv_f</name>
         <load_address>0x1005210</load_address>
         <run_address>0x1005210</run_address>
         <size>0x56</size>
         <input_file_ref idref="fl-eb"/>
      </object_component>
      <object_component id="oc-746">
         <name>.text:__TI_ltoa</name>
         <load_address>0x1005266</load_address>
         <run_address>0x1005266</run_address>
         <size>0x54</size>
         <input_file_ref idref="fl-f9"/>
      </object_component>
      <object_component id="oc-a8d">
         <name>.text:ringBufGet</name>
         <load_address>0x10052ba</load_address>
         <run_address>0x10052ba</run_address>
         <size>0x54</size>
         <input_file_ref idref="fl-16"/>
      </object_component>
      <object_component id="oc-938">
         <name>.text:PowerCC32XX_resumeLPDS</name>
         <load_address>0x100530e</load_address>
         <run_address>0x100530e</run_address>
         <size>0x52</size>
         <input_file_ref idref="fl-14"/>
      </object_component>
      <object_component id="oc-756">
         <name>.text:_ecpy</name>
         <load_address>0x1005360</load_address>
         <run_address>0x1005360</run_address>
         <size>0x52</size>
         <input_file_ref idref="fl-eb"/>
      </object_component>
      <object_component id="oc-50c">
         <name>.text:initHw</name>
         <load_address>0x10053b2</load_address>
         <run_address>0x10053b2</run_address>
         <size>0x52</size>
         <input_file_ref idref="fl-15"/>
      </object_component>
      <object_component id="oc-7a">
         <name>.text:ClockP_sysTickHandler</name>
         <load_address>0x1005404</load_address>
         <run_address>0x1005404</run_address>
         <size>0x50</size>
         <input_file_ref idref="fl-1b"/>
      </object_component>
      <object_component id="oc-5f1">
         <name>.text:SemaphoreP_construct</name>
         <load_address>0x1005454</load_address>
         <run_address>0x1005454</run_address>
         <size>0x50</size>
         <input_file_ref idref="fl-1a"/>
      </object_component>
      <object_component id="oc-4f4">
         <name>.text:TimerCC32XX_allocateTimerResource</name>
         <load_address>0x10054a4</load_address>
         <run_address>0x10054a4</run_address>
         <size>0x50</size>
         <input_file_ref idref="fl-15"/>
      </object_component>
      <object_component id="oc-664">
         <name>.text:I2CCC32XX_readRecieveFifo</name>
         <load_address>0x10054f4</load_address>
         <run_address>0x10054f4</run_address>
         <size>0x4c</size>
         <input_file_ref idref="fl-12"/>
      </object_component>
      <object_component id="oc-92f">
         <name>.text:PowerCC32XX_parkPin</name>
         <load_address>0x1005540</load_address>
         <run_address>0x1005540</run_address>
         <size>0x4c</size>
         <input_file_ref idref="fl-13"/>
      </object_component>
      <object_component id="oc-534">
         <name>.text:atoi</name>
         <load_address>0x100558c</load_address>
         <run_address>0x100558c</run_address>
         <size>0x4c</size>
         <input_file_ref idref="fl-fb"/>
      </object_component>
      <object_component id="oc-7d8">
         <name>.text:restorePeriphClocks</name>
         <load_address>0x10055d8</load_address>
         <run_address>0x10055d8</run_address>
         <size>0x4c</size>
         <input_file_ref idref="fl-13"/>
      </object_component>
      <object_component id="oc-220">
         <name>.text:snprintf</name>
         <load_address>0x1005624</load_address>
         <run_address>0x1005624</run_address>
         <size>0x4c</size>
         <input_file_ref idref="fl-df"/>
      </object_component>
      <object_component id="oc-953">
         <name>.text:FlashDisable</name>
         <load_address>0x1005670</load_address>
         <run_address>0x1005670</run_address>
         <size>0x48</size>
         <input_file_ref idref="fl-29"/>
      </object_component>
      <object_component id="oc-494">
         <name>.text:GPIO_disableInt</name>
         <load_address>0x10056b8</load_address>
         <run_address>0x10056b8</run_address>
         <size>0x48</size>
         <input_file_ref idref="fl-11"/>
      </object_component>
      <object_component id="oc-208">
         <name>.text:GPIO_enableInt</name>
         <load_address>0x1005700</load_address>
         <run_address>0x1005700</run_address>
         <size>0x48</size>
         <input_file_ref idref="fl-11"/>
      </object_component>
      <object_component id="oc-7e4">
         <name>.text:PRCMLPDSEnter</name>
         <load_address>0x1005748</load_address>
         <run_address>0x1005748</run_address>
         <size>0x48</size>
         <input_file_ref idref="fl-25"/>
      </object_component>
      <object_component id="oc-2b3">
         <name>.text:PRCMPeripheralClkEnable</name>
         <load_address>0x1005790</load_address>
         <run_address>0x1005790</run_address>
         <size>0x48</size>
         <input_file_ref idref="fl-25"/>
      </object_component>
      <object_component id="oc-886">
         <name>.text:Power_releaseConstraint</name>
         <load_address>0x10057d8</load_address>
         <run_address>0x10057d8</run_address>
         <size>0x48</size>
         <input_file_ref idref="fl-13"/>
      </object_component>
      <object_component id="oc-21a">
         <name>.text:initTimer</name>
         <load_address>0x1005820</load_address>
         <run_address>0x1005820</run_address>
         <size>0x48</size>
         <input_file_ref idref="fl-1"/>
      </object_component>
      <object_component id="oc-741">
         <name>.text</name>
         <load_address>0x1005868</load_address>
         <run_address>0x1005868</run_address>
         <size>0x48</size>
         <input_file_ref idref="fl-f1"/>
      </object_component>
      <object_component id="oc-a7a">
         <name>.text:RingBuf_put</name>
         <load_address>0x10058b0</load_address>
         <run_address>0x10058b0</run_address>
         <size>0x46</size>
         <input_file_ref idref="fl-18"/>
      </object_component>
      <object_component id="oc-506">
         <name>.text:getPrescaler</name>
         <load_address>0x10058f6</load_address>
         <run_address>0x10058f6</run_address>
         <size>0x46</size>
         <input_file_ref idref="fl-15"/>
      </object_component>
      <object_component id="oc-614">
         <name>.text:ClockP_stop</name>
         <load_address>0x100593c</load_address>
         <run_address>0x100593c</run_address>
         <size>0x44</size>
         <input_file_ref idref="fl-1b"/>
      </object_component>
      <object_component id="oc-93d">
         <name>.text:PRCMLPDSRestoreInfoSet</name>
         <load_address>0x1005980</load_address>
         <run_address>0x1005980</run_address>
         <size>0x44</size>
         <input_file_ref idref="fl-25"/>
      </object_component>
      <object_component id="oc-7cd">
         <name>.text:PowerCC32XX_enterLPDS</name>
         <load_address>0x10059c4</load_address>
         <run_address>0x10059c4</run_address>
         <size>0x44</size>
         <input_file_ref idref="fl-14"/>
      </object_component>
      <object_component id="oc-303">
         <name>.text:SemaphoreP_post</name>
         <load_address>0x1005a08</load_address>
         <run_address>0x1005a08</run_address>
         <size>0x44</size>
         <input_file_ref idref="fl-1a"/>
      </object_component>
      <object_component id="oc-5e1">
         <name>.text:SwiP_restore</name>
         <load_address>0x1005a4c</load_address>
         <run_address>0x1005a4c</run_address>
         <size>0x44</size>
         <input_file_ref idref="fl-1f"/>
      </object_component>
      <object_component id="oc-38e">
         <name>.text:Timer_start</name>
         <load_address>0x1005a90</load_address>
         <run_address>0x1005a90</run_address>
         <size>0x44</size>
         <input_file_ref idref="fl-f"/>
      </object_component>
      <object_component id="oc-34d">
         <name>.text:UART_init</name>
         <load_address>0x1005ad4</load_address>
         <run_address>0x1005ad4</run_address>
         <size>0x44</size>
         <input_file_ref idref="fl-10"/>
      </object_component>
      <object_component id="oc-17a">
         <name>.text:__TI_auto_init_nobinit_nopinit:__TI_auto_init_nobinit_nopinit</name>
         <load_address>0x1005b18</load_address>
         <run_address>0x1005b18</run_address>
         <size>0x44</size>
         <input_file_ref idref="fl-f4"/>
      </object_component>
      <object_component id="oc-a21">
         <name>.text:ClockP_construct</name>
         <load_address>0x1005b5c</load_address>
         <run_address>0x1005b5c</run_address>
         <size>0x40</size>
         <input_file_ref idref="fl-1b"/>
      </object_component>
      <object_component id="oc-2cb">
         <name>.text:PinModeSet</name>
         <load_address>0x1005b9c</load_address>
         <run_address>0x1005b9c</run_address>
         <size>0x40</size>
         <input_file_ref idref="fl-24"/>
      </object_component>
      <object_component id="oc-9ca">
         <name>.text:RingBuf_get</name>
         <load_address>0x1005bdc</load_address>
         <run_address>0x1005bdc</run_address>
         <size>0x40</size>
         <input_file_ref idref="fl-18"/>
      </object_component>
      <object_component id="oc-526">
         <name>.text:TimerSupport_timerEnable</name>
         <load_address>0x1005c1c</load_address>
         <run_address>0x1005c1c</run_address>
         <size>0x40</size>
         <input_file_ref idref="fl-15"/>
      </object_component>
      <object_component id="oc-500">
         <name>.text:Timer_close</name>
         <load_address>0x1005c5c</load_address>
         <run_address>0x1005c5c</run_address>
         <size>0x40</size>
         <input_file_ref idref="fl-15"/>
      </object_component>
      <object_component id="oc-832">
         <name>.text:UARTCC32XX_read</name>
         <load_address>0x1005c9c</load_address>
         <run_address>0x1005c9c</run_address>
         <size>0x40</size>
         <input_file_ref idref="fl-16"/>
      </object_component>
      <object_component id="oc-359">
         <name>.text:UART_open</name>
         <load_address>0x1005cdc</load_address>
         <run_address>0x1005cdc</run_address>
         <size>0x40</size>
         <input_file_ref idref="fl-10"/>
      </object_component>
      <object_component id="oc-769">
         <name>.text:_fcpy</name>
         <load_address>0x1005d1c</load_address>
         <run_address>0x1005d1c</run_address>
         <size>0x3e</size>
         <input_file_ref idref="fl-eb"/>
      </object_component>
      <object_component id="oc-6e">
         <name>.text:defaultHandler</name>
         <load_address>0x1005d5a</load_address>
         <run_address>0x1005d5a</run_address>
         <size>0x2</size>
         <input_file_ref idref="fl-1e"/>
      </object_component>
      <object_component id="oc-44c">
         <name>.text:ClockP_destruct</name>
         <load_address>0x1005d5c</load_address>
         <run_address>0x1005d5c</run_address>
         <size>0x3c</size>
         <input_file_ref idref="fl-1b"/>
      </object_component>
      <object_component id="oc-71c">
         <name>.text:Power_setConstraint</name>
         <load_address>0x1005d98</load_address>
         <run_address>0x1005d98</run_address>
         <size>0x3c</size>
         <input_file_ref idref="fl-13"/>
      </object_component>
      <object_component id="oc-20e">
         <name>.text:initUART</name>
         <load_address>0x1005dd4</load_address>
         <run_address>0x1005dd4</run_address>
         <size>0x3c</size>
         <input_file_ref idref="fl-1"/>
      </object_component>
      <object_component id="oc-5c5">
         <name>.text:getCountsRTC</name>
         <load_address>0x1005e10</load_address>
         <run_address>0x1005e10</run_address>
         <size>0x3a</size>
         <input_file_ref idref="fl-1d"/>
      </object_component>
      <object_component id="oc-68">
         <name>.text:faultISR</name>
         <load_address>0x1005e4a</load_address>
         <run_address>0x1005e4a</run_address>
         <size>0x2</size>
         <input_file_ref idref="fl-1e"/>
      </object_component>
      <object_component id="oc-7ea">
         <name>.text:PRCMLPDSEnterKeepDebugIf</name>
         <load_address>0x1005e4c</load_address>
         <run_address>0x1005e4c</run_address>
         <size>0x38</size>
         <input_file_ref idref="fl-25"/>
      </object_component>
      <object_component id="oc-dc">
         <name>.text:addToList</name>
         <load_address>0x1005e84</load_address>
         <run_address>0x1005e84</run_address>
         <size>0x38</size>
         <input_file_ref idref="fl-1b"/>
      </object_component>
      <object_component id="oc-5a">
         <name>.text:initVectors</name>
         <load_address>0x1005ebc</load_address>
         <run_address>0x1005ebc</run_address>
         <size>0x38</size>
         <input_file_ref idref="fl-1e"/>
      </object_component>
      <object_component id="oc-7bb">
         <name>.text:notify</name>
         <load_address>0x1005ef4</load_address>
         <run_address>0x1005ef4</run_address>
         <size>0x38</size>
         <input_file_ref idref="fl-13"/>
      </object_component>
      <object_component id="oc-3ca">
         <name>.text</name>
         <load_address>0x1005f2c</load_address>
         <run_address>0x1005f2c</run_address>
         <size>0x38</size>
         <input_file_ref idref="fl-e1"/>
      </object_component>
      <object_component id="oc-3c0">
         <name>.text</name>
         <load_address>0x1005f64</load_address>
         <run_address>0x1005f64</run_address>
         <size>0x38</size>
         <input_file_ref idref="fl-e2"/>
      </object_component>
      <object_component id="oc-6fd">
         <name>.text:TimerControlStall</name>
         <load_address>0x1005f9c</load_address>
         <run_address>0x1005f9c</run_address>
         <size>0x36</size>
         <input_file_ref idref="fl-26"/>
      </object_component>
      <object_component id="oc-6cb">
         <name>.text:Timer_stop</name>
         <load_address>0x1005fd2</load_address>
         <run_address>0x1005fd2</run_address>
         <size>0x36</size>
         <input_file_ref idref="fl-f"/>
      </object_component>
      <object_component id="oc-83e">
         <name>.text:UARTCC32XX_readCancel</name>
         <load_address>0x1006008</load_address>
         <run_address>0x1006008</run_address>
         <size>0x36</size>
         <input_file_ref idref="fl-16"/>
      </object_component>
      <object_component id="oc-62">
         <name>.text:nmiISR</name>
         <load_address>0x100603e</load_address>
         <run_address>0x100603e</run_address>
         <size>0x2</size>
         <input_file_ref idref="fl-1e"/>
      </object_component>
      <object_component id="oc-5b3">
         <name>.text:ClockP_getTicksUntilInterrupt</name>
         <load_address>0x1006040</load_address>
         <run_address>0x1006040</run_address>
         <size>0x34</size>
         <input_file_ref idref="fl-1b"/>
      </object_component>
      <object_component id="oc-7ac">
         <name>.text:ClockP_startup</name>
         <load_address>0x1006074</load_address>
         <run_address>0x1006074</run_address>
         <size>0x34</size>
         <input_file_ref idref="fl-1b"/>
      </object_component>
      <object_component id="oc-2c5">
         <name>.text:PinModeGet</name>
         <load_address>0x10060a8</load_address>
         <run_address>0x10060a8</run_address>
         <size>0x34</size>
         <input_file_ref idref="fl-24"/>
      </object_component>
      <object_component id="oc-96e">
         <name>.text:PowerCC32XX_restoreParkState</name>
         <load_address>0x10060dc</load_address>
         <run_address>0x10060dc</run_address>
         <size>0x34</size>
         <input_file_ref idref="fl-13"/>
      </object_component>
      <object_component id="oc-6e3">
         <name>.text:TimerCC32XX_freeTimerResource</name>
         <load_address>0x1006110</load_address>
         <run_address>0x1006110</run_address>
         <size>0x34</size>
         <input_file_ref idref="fl-15"/>
      </object_component>
      <object_component id="oc-51e">
         <name>.text:TimerCC32XX_hwiIntFunction</name>
         <load_address>0x1006144</load_address>
         <run_address>0x1006144</run_address>
         <size>0x34</size>
         <input_file_ref idref="fl-15"/>
      </object_component>
      <object_component id="oc-6c0">
         <name>.text:getPowerMgrId</name>
         <load_address>0x1006178</load_address>
         <run_address>0x1006178</run_address>
         <size>0x34</size>
         <input_file_ref idref="fl-15"/>
      </object_component>
      <object_component id="oc-43a">
         <name>.text:ClockP_start</name>
         <load_address>0x10061ac</load_address>
         <run_address>0x10061ac</run_address>
         <size>0x30</size>
         <input_file_ref idref="fl-1b"/>
      </object_component>
      <object_component id="oc-94c">
         <name>.text:PowerCC32XX_restoreParkedPin</name>
         <load_address>0x10061dc</load_address>
         <run_address>0x10061dc</run_address>
         <size>0x30</size>
         <input_file_ref idref="fl-13"/>
      </object_component>
      <object_component id="oc-3a1">
         <name>.text:_outs</name>
         <load_address>0x100620c</load_address>
         <run_address>0x100620c</run_address>
         <size>0x30</size>
         <input_file_ref idref="fl-df"/>
      </object_component>
      <object_component id="oc-74c">
         <name>.text</name>
         <load_address>0x100623c</load_address>
         <run_address>0x100623c</run_address>
         <size>0x2e</size>
         <input_file_ref idref="fl-f2"/>
      </object_component>
      <object_component id="oc-7b5">
         <name>.text</name>
         <load_address>0x100626a</load_address>
         <run_address>0x100626a</run_address>
         <size>0x2</size>
         <input_file_ref idref="fl-ec"/>
      </object_component>
      <object_component id="oc-98f">
         <name>.text:PowerCC32XX_getParkState</name>
         <load_address>0x100626c</load_address>
         <run_address>0x100626c</run_address>
         <size>0x2c</size>
         <input_file_ref idref="fl-13"/>
      </object_component>
      <object_component id="oc-330">
         <name>.text:HwiP_create</name>
         <load_address>0x1006298</load_address>
         <run_address>0x1006298</run_address>
         <size>0x2a</size>
         <input_file_ref idref="fl-1c"/>
      </object_component>
      <object_component id="oc-6f7">
         <name>.text:TimerLoadSet</name>
         <load_address>0x10062c2</load_address>
         <run_address>0x10062c2</run_address>
         <size>0x2a</size>
         <input_file_ref idref="fl-26"/>
      </object_component>
      <object_component id="oc-6f1">
         <name>.text:TimerPrescaleSet</name>
         <load_address>0x10062ec</load_address>
         <run_address>0x10062ec</run_address>
         <size>0x2a</size>
         <input_file_ref idref="fl-26"/>
      </object_component>
      <object_component id="oc-67c">
         <name>.text:I2CFIFODataPutNonBlocking</name>
         <load_address>0x1006316</load_address>
         <run_address>0x1006316</run_address>
         <size>0x28</size>
         <input_file_ref idref="fl-22"/>
      </object_component>
      <object_component id="oc-2bf">
         <name>.text:PRCMPeripheralClkDisable</name>
         <load_address>0x1006340</load_address>
         <run_address>0x1006340</run_address>
         <size>0x28</size>
         <input_file_ref idref="fl-25"/>
      </object_component>
      <object_component id="oc-2fd">
         <name>.text:Power_registerNotify</name>
         <load_address>0x1006368</load_address>
         <run_address>0x1006368</run_address>
         <size>0x28</size>
         <input_file_ref idref="fl-13"/>
      </object_component>
      <object_component id="oc-60c">
         <name>.text:free_list_insert</name>
         <load_address>0x1006390</load_address>
         <run_address>0x1006390</run_address>
         <size>0x28</size>
         <input_file_ref idref="fl-e9"/>
      </object_component>
      <object_component id="oc-862">
         <name>.text:I2CFIFODataGetNonBlocking</name>
         <load_address>0x10063b8</load_address>
         <run_address>0x10063b8</run_address>
         <size>0x26</size>
         <input_file_ref idref="fl-22"/>
      </object_component>
      <object_component id="oc-6af">
         <name>.text:I2C_cancel</name>
         <load_address>0x10063de</load_address>
         <run_address>0x10063de</run_address>
         <size>0x26</size>
         <input_file_ref idref="fl-e"/>
      </object_component>
      <object_component id="oc-45c">
         <name>.text:List_put</name>
         <load_address>0x1006404</load_address>
         <run_address>0x1006404</run_address>
         <size>0x26</size>
         <input_file_ref idref="fl-17"/>
      </object_component>
      <object_component id="oc-8b9">
         <name>.text:List_remove</name>
         <load_address>0x100642a</load_address>
         <run_address>0x100642a</run_address>
         <size>0x26</size>
         <input_file_ref idref="fl-17"/>
      </object_component>
      <object_component id="oc-632">
         <name>.text:HwiP_dispatch</name>
         <load_address>0x1006450</load_address>
         <run_address>0x1006450</run_address>
         <size>0x24</size>
         <input_file_ref idref="fl-1c"/>
      </object_component>
      <object_component id="oc-989">
         <name>.text:PowerCC32XX_reset</name>
         <load_address>0x1006474</load_address>
         <run_address>0x1006474</run_address>
         <size>0x24</size>
         <input_file_ref idref="fl-13"/>
      </object_component>
      <object_component id="oc-8b2">
         <name>.text:TimerSupport_timerDisable</name>
         <load_address>0x1006498</load_address>
         <run_address>0x1006498</run_address>
         <size>0x24</size>
         <input_file_ref idref="fl-15"/>
      </object_component>
      <object_component id="oc-c6">
         <name>.text:_c_int00_noargs:_c_int00_noargs</name>
         <load_address>0x10064bc</load_address>
         <run_address>0x10064bc</run_address>
         <size>0x24</size>
         <input_file_ref idref="fl-ea"/>
      </object_component>
      <object_component id="oc-86a">
         <name>.text:I2CMasterSlaveAddrSet</name>
         <load_address>0x10064e0</load_address>
         <run_address>0x10064e0</run_address>
         <size>0x22</size>
         <input_file_ref idref="fl-22"/>
      </object_component>
      <object_component id="oc-8c0">
         <name>.text:HwiP_destruct</name>
         <load_address>0x1006502</load_address>
         <run_address>0x1006502</run_address>
         <size>0x20</size>
         <input_file_ref idref="fl-1c"/>
      </object_component>
      <object_component id="oc-6d1">
         <name>.text:Power_unregisterNotify</name>
         <load_address>0x1006524</load_address>
         <run_address>0x1006524</run_address>
         <size>0x20</size>
         <input_file_ref idref="fl-13"/>
      </object_component>
      <object_component id="oc-975">
         <name>.text:RingBuf_peek</name>
         <load_address>0x1006544</load_address>
         <run_address>0x1006544</run_address>
         <size>0x20</size>
         <input_file_ref idref="fl-18"/>
      </object_component>
      <object_component id="oc-983">
         <name>.text:getPowerMgrId</name>
         <load_address>0x1006564</load_address>
         <run_address>0x1006564</run_address>
         <size>0x20</size>
         <input_file_ref idref="fl-16"/>
      </object_component>
      <object_component id="oc-658">
         <name>.text:I2CMasterIntStatusEx</name>
         <load_address>0x1006584</load_address>
         <run_address>0x1006584</run_address>
         <size>0x1e</size>
         <input_file_ref idref="fl-22"/>
      </object_component>
      <object_component id="oc-4be">
         <name>.text:SemaphoreP_constructBinary</name>
         <load_address>0x10065a2</load_address>
         <run_address>0x10065a2</run_address>
         <size>0x1e</size>
         <input_file_ref idref="fl-1a"/>
      </object_component>
      <object_component id="oc-6eb">
         <name>.text:TimerDisable</name>
         <load_address>0x10065c0</load_address>
         <run_address>0x10065c0</run_address>
         <size>0x1e</size>
         <input_file_ref idref="fl-26"/>
      </object_component>
      <object_component id="oc-722">
         <name>.text:TimerEnable</name>
         <load_address>0x10065de</load_address>
         <run_address>0x10065de</run_address>
         <size>0x1e</size>
         <input_file_ref idref="fl-26"/>
      </object_component>
      <object_component id="oc-929">
         <name>.text:PinToPadGet</name>
         <load_address>0x10065fc</load_address>
         <run_address>0x10065fc</run_address>
         <size>0x1c</size>
         <input_file_ref idref="fl-24"/>
      </object_component>
      <object_component id="oc-5a7">
         <name>.text:SwiP_disable</name>
         <load_address>0x1006618</load_address>
         <run_address>0x1006618</run_address>
         <size>0x1c</size>
         <input_file_ref idref="fl-1f"/>
      </object_component>
      <object_component id="oc-606">
         <name>.text:free_list_remove</name>
         <load_address>0x1006634</load_address>
         <run_address>0x1006634</run_address>
         <size>0x1c</size>
         <input_file_ref idref="fl-e9"/>
      </object_component>
      <object_component id="oc-55d">
         <name>.text:memccpy</name>
         <load_address>0x1006650</load_address>
         <run_address>0x1006650</run_address>
         <size>0x1c</size>
         <input_file_ref idref="fl-fd"/>
      </object_component>
      <object_component id="oc-99b">
         <name>.text:ClockP_create</name>
         <load_address>0x100666c</load_address>
         <run_address>0x100666c</run_address>
         <size>0x1a</size>
         <input_file_ref idref="fl-1b"/>
      </object_component>
      <object_component id="oc-2df">
         <name>.text:SemaphoreP_createBinary</name>
         <load_address>0x1006686</load_address>
         <run_address>0x1006686</run_address>
         <size>0x1a</size>
         <input_file_ref idref="fl-1a"/>
      </object_component>
      <object_component id="oc-22">
         <name>.text:resetISR</name>
         <load_address>0x10066a0</load_address>
         <run_address>0x10066a0</run_address>
         <size>0x1a</size>
         <input_file_ref idref="fl-1e"/>
      </object_component>
      <object_component id="oc-202">
         <name>.text:GPIO_setCallback</name>
         <load_address>0x10066bc</load_address>
         <run_address>0x10066bc</run_address>
         <size>0x18</size>
         <input_file_ref idref="fl-d"/>
      </object_component>
      <object_component id="oc-89b">
         <name>.text:I2CMasterBusBusy</name>
         <load_address>0x10066d4</load_address>
         <run_address>0x10066d4</run_address>
         <size>0x18</size>
         <input_file_ref idref="fl-22"/>
      </object_component>
      <object_component id="oc-66a">
         <name>.text:I2CMasterIntDisableEx</name>
         <load_address>0x10066ec</load_address>
         <run_address>0x10066ec</run_address>
         <size>0x18</size>
         <input_file_ref idref="fl-22"/>
      </object_component>
      <object_component id="oc-87c">
         <name>.text:I2CMasterIntEnableEx</name>
         <load_address>0x1006704</load_address>
         <run_address>0x1006704</run_address>
         <size>0x18</size>
         <input_file_ref idref="fl-22"/>
      </object_component>
      <object_component id="oc-895">
         <name>.text:I2CRxFIFOFlush</name>
         <load_address>0x100671c</load_address>
         <run_address>0x100671c</run_address>
         <size>0x18</size>
         <input_file_ref idref="fl-22"/>
      </object_component>
      <object_component id="oc-88f">
         <name>.text:I2CTxFIFOFlush</name>
         <load_address>0x1006734</load_address>
         <run_address>0x1006734</run_address>
         <size>0x18</size>
         <input_file_ref idref="fl-22"/>
      </object_component>
      <object_component id="oc-5b9">
         <name>.text:Power_getTransitionLatency</name>
         <load_address>0x100674c</load_address>
         <run_address>0x100674c</run_address>
         <size>0x18</size>
         <input_file_ref idref="fl-13"/>
      </object_component>
      <object_component id="oc-7fd">
         <name>.text:Power_idleFunc</name>
         <load_address>0x1006764</load_address>
         <run_address>0x1006764</run_address>
         <size>0x18</size>
         <input_file_ref idref="fl-13"/>
      </object_component>
      <object_component id="oc-9f0">
         <name>.text:TimerIntDisable</name>
         <load_address>0x100677c</load_address>
         <run_address>0x100677c</run_address>
         <size>0x18</size>
         <input_file_ref idref="fl-26"/>
      </object_component>
      <object_component id="oc-716">
         <name>.text:TimerIntEnable</name>
         <load_address>0x1006794</load_address>
         <run_address>0x1006794</run_address>
         <size>0x18</size>
         <input_file_ref idref="fl-26"/>
      </object_component>
      <object_component id="oc-9d2">
         <name>.text:UARTBusy</name>
         <load_address>0x10067ac</load_address>
         <run_address>0x10067ac</run_address>
         <size>0x18</size>
         <input_file_ref idref="fl-27"/>
      </object_component>
      <object_component id="oc-a65">
         <name>.text:UARTIntEnable</name>
         <load_address>0x10067c4</load_address>
         <run_address>0x10067c4</run_address>
         <size>0x18</size>
         <input_file_ref idref="fl-27"/>
      </object_component>
      <object_component id="oc-353">
         <name>.text:UART_Params_init</name>
         <load_address>0x10067dc</load_address>
         <run_address>0x10067dc</run_address>
         <size>0x18</size>
         <input_file_ref idref="fl-10"/>
      </object_component>
      <object_component id="oc-3a7">
         <name>.text:_outc</name>
         <load_address>0x10067f4</load_address>
         <run_address>0x10067f4</run_address>
         <size>0x18</size>
         <input_file_ref idref="fl-df"/>
      </object_component>
      <object_component id="oc-5d6">
         <name>.text</name>
         <load_address>0x100680c</load_address>
         <run_address>0x100680c</run_address>
         <size>0x18</size>
         <input_file_ref idref="fl-e3"/>
      </object_component>
      <object_component id="oc-394">
         <name>.text:timerCallback</name>
         <load_address>0x1006824</load_address>
         <run_address>0x1006824</run_address>
         <size>0x18</size>
         <input_file_ref idref="fl-1"/>
      </object_component>
      <object_component id="oc-876">
         <name>.text:I2CMasterBurstLengthSet</name>
         <load_address>0x100683c</load_address>
         <run_address>0x100683c</run_address>
         <size>0x16</size>
         <input_file_ref idref="fl-22"/>
      </object_component>
      <object_component id="oc-2ad">
         <name>.text:PRCMHIBRegRead</name>
         <load_address>0x1006852</load_address>
         <run_address>0x1006852</run_address>
         <size>0x16</size>
         <input_file_ref idref="fl-25"/>
      </object_component>
      <object_component id="oc-2a7">
         <name>.text:PRCMHIBRegWrite</name>
         <load_address>0x1006868</load_address>
         <run_address>0x1006868</run_address>
         <size>0x16</size>
         <input_file_ref idref="fl-25"/>
      </object_component>
      <object_component id="oc-422">
         <name>.text:SemaphoreP_create</name>
         <load_address>0x100687e</load_address>
         <run_address>0x100687e</run_address>
         <size>0x16</size>
         <input_file_ref idref="fl-1a"/>
      </object_component>
      <object_component id="oc-77d">
         <name>.text:strchr</name>
         <load_address>0x1006894</load_address>
         <run_address>0x1006894</run_address>
         <size>0x16</size>
         <input_file_ref idref="fl-fe"/>
      </object_component>
      <object_component id="oc-15b">
         <name>.text:Board_init</name>
         <load_address>0x10068aa</load_address>
         <run_address>0x10068aa</run_address>
         <size>0x14</size>
         <input_file_ref idref="fl-2"/>
      </object_component>
      <object_component id="oc-a4">
         <name>.text:CPUcpsid</name>
         <load_address>0x10068be</load_address>
         <run_address>0x10068be</run_address>
         <size>0x14</size>
         <input_file_ref idref="fl-21"/>
      </object_component>
      <object_component id="oc-463">
         <name>.text:HwiP_inISR</name>
         <load_address>0x10068d4</load_address>
         <run_address>0x10068d4</run_address>
         <size>0x14</size>
         <input_file_ref idref="fl-1c"/>
      </object_component>
      <object_component id="oc-8a3">
         <name>.text:I2CSupport_masterFinish</name>
         <load_address>0x10068e8</load_address>
         <run_address>0x10068e8</run_address>
         <size>0x14</size>
         <input_file_ref idref="fl-12"/>
      </object_component>
      <object_component id="oc-372">
         <name>.text:I2C_transfer</name>
         <load_address>0x10068fc</load_address>
         <run_address>0x10068fc</run_address>
         <size>0x14</size>
         <input_file_ref idref="fl-e"/>
      </object_component>
      <object_component id="oc-b0">
         <name>.text:IntVTableBaseSet</name>
         <load_address>0x1006910</load_address>
         <run_address>0x1006910</run_address>
         <size>0x14</size>
         <input_file_ref idref="fl-23"/>
      </object_component>
      <object_component id="oc-469">
         <name>.text:Power_disablePolicy</name>
         <load_address>0x1006924</load_address>
         <run_address>0x1006924</run_address>
         <size>0x14</size>
         <input_file_ref idref="fl-13"/>
      </object_component>
      <object_component id="oc-945">
         <name>.text:Power_getDependencyCount</name>
         <load_address>0x1006938</load_address>
         <run_address>0x1006938</run_address>
         <size>0x14</size>
         <input_file_ref idref="fl-13"/>
      </object_component>
      <object_component id="oc-a5f">
         <name>.text:releasePowerConstraint</name>
         <load_address>0x100694c</load_address>
         <run_address>0x100694c</run_address>
         <size>0x14</size>
         <input_file_ref idref="fl-16"/>
      </object_component>
      <object_component id="oc-52e">
         <name>.text:strlen</name>
         <load_address>0x1006960</load_address>
         <run_address>0x1006960</run_address>
         <size>0x14</size>
         <input_file_ref idref="fl-ff"/>
      </object_component>
      <object_component id="oc-32a">
         <name>.text:HwiP_Params_init</name>
         <load_address>0x1006974</load_address>
         <run_address>0x1006974</run_address>
         <size>0x12</size>
         <input_file_ref idref="fl-1c"/>
      </object_component>
      <object_component id="oc-65e">
         <name>.text:I2CMasterIntClearEx</name>
         <load_address>0x1006986</load_address>
         <run_address>0x1006986</run_address>
         <size>0x12</size>
         <input_file_ref idref="fl-22"/>
      </object_component>
      <object_component id="oc-97d">
         <name>.text:RingBuf_construct</name>
         <load_address>0x1006998</load_address>
         <run_address>0x1006998</run_address>
         <size>0x12</size>
         <input_file_ref idref="fl-18"/>
      </object_component>
      <object_component id="oc-70d">
         <name>.text:TimerIntClear</name>
         <load_address>0x10069aa</load_address>
         <run_address>0x10069aa</run_address>
         <size>0x12</size>
         <input_file_ref idref="fl-26"/>
      </object_component>
      <object_component id="oc-120">
         <name>.text:main</name>
         <load_address>0x10069bc</load_address>
         <run_address>0x10069bc</run_address>
         <size>0x12</size>
         <input_file_ref idref="fl-3"/>
      </object_component>
      <object_component id="oc-563">
         <name>.text:wcslen</name>
         <load_address>0x10069ce</load_address>
         <run_address>0x10069ce</run_address>
         <size>0x12</size>
         <input_file_ref idref="fl-104"/>
      </object_component>
      <object_component id="oc-434">
         <name>.text:ClockP_add</name>
         <load_address>0x10069e0</load_address>
         <run_address>0x10069e0</run_address>
         <size>0x10</size>
         <input_file_ref idref="fl-1b"/>
      </object_component>
      <object_component id="oc-968">
         <name>.text:ClockP_delete</name>
         <load_address>0x10069f0</load_address>
         <run_address>0x10069f0</run_address>
         <size>0x10</size>
         <input_file_ref idref="fl-1b"/>
      </object_component>
      <object_component id="oc-4fa">
         <name>.text:ClockP_getCpuFreq</name>
         <load_address>0x1006a00</load_address>
         <run_address>0x1006a00</run_address>
         <size>0x10</size>
         <input_file_ref idref="fl-1b"/>
      </object_component>
      <object_component id="oc-5bf">
         <name>.text:ClockP_getSystemTicks</name>
         <load_address>0x1006a10</load_address>
         <run_address>0x1006a10</run_address>
         <size>0x10</size>
         <input_file_ref idref="fl-1b"/>
      </object_component>
      <object_component id="oc-5db">
         <name>.text:ClockP_setTicks</name>
         <load_address>0x1006a20</load_address>
         <run_address>0x1006a20</run_address>
         <size>0x10</size>
         <input_file_ref idref="fl-1b"/>
      </object_component>
      <object_component id="oc-6d7">
         <name>.text:HwiP_delete</name>
         <load_address>0x1006a30</load_address>
         <run_address>0x1006a30</run_address>
         <size>0x10</size>
         <input_file_ref idref="fl-1c"/>
      </object_component>
      <object_component id="oc-2eb">
         <name>.text:HwiP_restore</name>
         <load_address>0x1006a40</load_address>
         <run_address>0x1006a40</run_address>
         <size>0x10</size>
         <input_file_ref idref="fl-1c"/>
      </object_component>
      <object_component id="oc-682">
         <name>.text:I2CFIFOStatus</name>
         <load_address>0x1006a50</load_address>
[...]
         <value>0x20008998</value>
         <object_component_ref idref="oc-638"/>
      </symbol>
      <symbol id="sm-aaf">
         <name>HwiP_create</name>
         <value>0x1006299</value>
         <object_component_ref idref="oc-330"/>
      </symbol>
      <symbol id="sm-ab0">
         <name>HwiP_post</name>
         <value>0x1006bef</value>
         <object_component_ref idref="oc-7f3"/>
      </symbol>
      <symbol id="sm-ab1">
         <name>HwiP_enable</name>
         <value>0x1006afb</value>
         <object_component_ref idref="oc-161"/>
      </symbol>
      <symbol id="sm-ab2">
         <name>HwiP_restore</name>
         <value>0x1006a41</value>
         <object_component_ref idref="oc-2eb"/>
      </symbol>
      <symbol id="sm-ab3">
         <name>HwiP_disableInterrupt</name>
         <value>0x1006aed</value>
         <object_component_ref idref="oc-69d"/>
      </symbol>
      <symbol id="sm-ae3">
         <name>PowerCC32XX_initPolicy</name>
         <value>0x10034c3</value>
         <object_component_ref idref="oc-40b"/>
      </symbol>
      <symbol id="sm-ae4">
         <name>PowerCC32XX_sleepPolicy</name>
         <value>0x1002315</value>
         <object_component_ref idref="oc-411"/>
      </symbol>
      <symbol id="sm-b34">
         <name>resetISR</name>
         <value>0x10066a1</value>
         <object_component_ref idref="oc-22"/>
      </symbol>
      <symbol id="sm-b35">
         <name>resetVectorAddr</name>
         <value>0x10066b4</value>
         <object_component_ref idref="oc-22"/>
      </symbol>
      <symbol id="sm-b36">
         <name>initVectors</name>
         <value>0x1005ebd</value>
         <object_component_ref idref="oc-5a"/>
      </symbol>
      <symbol id="sm-b37">
         <name>resetVectors</name>
         <value>0x1000800</value>
         <object_component_ref idref="oc-28"/>
      </symbol>
      <symbol id="sm-b67">
         <name>SwiP_disable</name>
         <value>0x1006619</value>
         <object_component_ref idref="oc-5a7"/>
      </symbol>
      <symbol id="sm-b68">
         <name>SwiP_restore</name>
         <value>0x1005a4d</value>
         <object_component_ref idref="oc-5e1"/>
      </symbol>
      <symbol id="sm-b73">
         <name>CPUcpsid</name>
         <value>0x10068bf</value>
         <object_component_ref idref="oc-a4"/>
      </symbol>
      <symbol id="sm-be0">
         <name>I2CRxFIFOFlush</name>
         <value>0x100671d</value>
         <object_component_ref idref="oc-895"/>
      </symbol>
      <symbol id="sm-be1">
         <name>I2CTxFIFOFlush</name>
         <value>0x1006735</value>
         <object_component_ref idref="oc-88f"/>
      </symbol>
      <symbol id="sm-be2">
         <name>I2CFIFODataPutNonBlocking</name>
         <value>0x1006317</value>
         <object_component_ref idref="oc-67c"/>
      </symbol>
      <symbol id="sm-be3">
         <name>I2CMasterBusBusy</name>
         <value>0x10066d5</value>
         <object_component_ref idref="oc-89b"/>
      </symbol>
      <symbol id="sm-be4">
         <name>I2CMasterIntDisableEx</name>
         <value>0x10066ed</value>
         <object_component_ref idref="oc-66a"/>
      </symbol>
      <symbol id="sm-be5">
         <name>I2CMasterBurstLengthSet</name>
         <value>0x100683d</value>
         <object_component_ref idref="oc-876"/>
      </symbol>
      <symbol id="sm-be6">
         <name>I2CMasterIntClearEx</name>
         <value>0x1006987</value>
         <object_component_ref idref="oc-65e"/>
      </symbol>
      <symbol id="sm-be7">
         <name>I2CMasterSlaveAddrSet</name>
         <value>0x10064e1</value>
         <object_component_ref idref="oc-86a"/>
      </symbol>
      <symbol id="sm-be8">
         <name>I2CMasterIntEnableEx</name>
         <value>0x1006705</value>
         <object_component_ref idref="oc-87c"/>
      </symbol>
      <symbol id="sm-be9">
         <name>I2CFIFOStatus</name>
         <value>0x1006a51</value>
         <object_component_ref idref="oc-682"/>
      </symbol>
      <symbol id="sm-bea">
         <name>I2CMasterIntStatusEx</name>
         <value>0x1006585</value>
         <object_component_ref idref="oc-658"/>
      </symbol>
      <symbol id="sm-beb">
         <name>I2CFIFODataGetNonBlocking</name>
         <value>0x10063b9</value>
         <object_component_ref idref="oc-862"/>
      </symbol>
      <symbol id="sm-c30">
         <name>IntVTableBaseSet</name>
         <value>0x1006911</value>
         <object_component_ref idref="oc-b0"/>
      </symbol>
      <symbol id="sm-c31">
         <name>IntEnable</name>
         <value>0x1003e85</value>
         <object_component_ref idref="oc-b6"/>
      </symbol>
      <symbol id="sm-c32">
         <name>IntMasterDisable</name>
         <value>0x1006b9d</value>
         <object_component_ref idref="oc-54"/>
      </symbol>
      <symbol id="sm-c33">
         <name>IntPendSet</name>
         <value>0x1004535</value>
         <object_component_ref idref="oc-95b"/>
      </symbol>
      <symbol id="sm-c6d">
         <name>PinModeGet</name>
         <value>0x10060a9</value>
         <object_component_ref idref="oc-2c5"/>
      </symbol>
      <symbol id="sm-c6e">
         <name>PinConfigSet</name>
         <value>0x10045bd</value>
         <object_component_ref idref="oc-31e"/>
      </symbol>
      <symbol id="sm-c6f">
         <name>PinModeSet</name>
         <value>0x1005b9d</value>
         <object_component_ref idref="oc-2cb"/>
      </symbol>
      <symbol id="sm-c70">
         <name>PinToPadGet</name>
         <value>0x10065fd</value>
         <object_component_ref idref="oc-929"/>
      </symbol>
      <symbol id="sm-d39">
         <name>PRCMLPDSRestoreInfoSet</name>
         <value>0x1005981</value>
         <object_component_ref idref="oc-93d"/>
      </symbol>
      <symbol id="sm-d3a">
         <name>PRCMPeripheralReset</name>
         <value>0x1005161</value>
         <object_component_ref idref="oc-2b9"/>
      </symbol>
      <symbol id="sm-d3b">
         <name>PRCMLPDSEnter</name>
         <value>0x1005749</value>
         <object_component_ref idref="oc-7e4"/>
      </symbol>
      <symbol id="sm-d3c">
         <name>PRCMPeripheralClkEnable</name>
         <value>0x1005791</value>
         <object_component_ref idref="oc-2b3"/>
      </symbol>
      <symbol id="sm-d3d">
         <name>PRCMLPDSEnterKeepDebugIf</name>
         <value>0x1005e4d</value>
         <object_component_ref idref="oc-7ea"/>
      </symbol>
      <symbol id="sm-d3e">
         <name>PRCMCC3200MCUInit</name>
         <value>0x1001291</value>
         <object_component_ref idref="oc-1dc"/>
      </symbol>
      <symbol id="sm-d3f">
         <name>PRCMHIBRegWrite</name>
         <value>0x1006869</value>
         <object_component_ref idref="oc-2a7"/>
      </symbol>
      <symbol id="sm-d40">
         <name>PRCMSysResetCauseGet</name>
         <value>0x1005049</value>
         <object_component_ref idref="oc-2a0"/>
      </symbol>
      <symbol id="sm-d41">
         <name>PRCMPeripheralClkDisable</name>
         <value>0x1006341</value>
         <object_component_ref idref="oc-2bf"/>
      </symbol>
      <symbol id="sm-d42">
         <name>PRCMHIBRegRead</name>
         <value>0x1006853</value>
         <object_component_ref idref="oc-2ad"/>
      </symbol>
      <symbol id="sm-d8a">
         <name>TimerLoadSet</name>
         <value>0x10062c3</value>
         <object_component_ref idref="oc-6f7"/>
      </symbol>
      <symbol id="sm-d8b">
         <name>TimerDisable</name>
         <value>0x10065c1</value>
         <object_component_ref idref="oc-6eb"/>
      </symbol>
      <symbol id="sm-d8c">
         <name>TimerEnable</name>
         <value>0x10065df</value>
         <object_component_ref idref="oc-722"/>
      </symbol>
      <symbol id="sm-d8d">
         <name>TimerIntDisable</name>
         <value>0x100677d</value>
         <object_component_ref idref="oc-9f0"/>
      </symbol>
      <symbol id="sm-d8e">
         <name>TimerPrescaleSet</name>
         <value>0x10062ed</value>
         <object_component_ref idref="oc-6f1"/>
      </symbol>
      <symbol id="sm-d8f">
         <name>TimerControlStall</name>
         <value>0x1005f9d</value>
         <object_component_ref idref="oc-6fd"/>
      </symbol>
      <symbol id="sm-d90">
         <name>TimerIntEnable</name>
         <value>0x1006795</value>
         <object_component_ref idref="oc-716"/>
      </symbol>
      <symbol id="sm-d91">
         <name>TimerIntClear</name>
         <value>0x10069ab</value>
         <object_component_ref idref="oc-70d"/>
      </symbol>
      <symbol id="sm-da5">
         <name>UARTBusy</name>
         <value>0x10067ad</value>
         <object_component_ref idref="oc-9d2"/>
      </symbol>
      <symbol id="sm-da6">
         <name>UARTIntEnable</name>
         <value>0x10067c5</value>
         <object_component_ref idref="oc-a65"/>
      </symbol>
      <symbol id="sm-daa">
         <name>UtilsDelay</name>
         <value>0x1006be5</value>
         <object_component_ref idref="oc-2a6"/>
      </symbol>
      <symbol id="sm-dba">
         <name>FlashDisable</name>
         <value>0x1005671</value>
         <object_component_ref idref="oc-953"/>
      </symbol>
      <symbol id="sm-de9">
         <name>snprintf</name>
         <value>0x1005625</value>
         <object_component_ref idref="oc-220"/>
      </symbol>
      <symbol id="sm-df3">
         <name>__aeabi_fmul</name>
         <value>0x1004a4f</value>
         <object_component_ref idref="oc-3c5"/>
      </symbol>
      <symbol id="sm-dfd">
         <name>__aeabi_f2iz</name>
         <value>0x1005f2d</value>
         <object_component_ref idref="oc-3ca"/>
      </symbol>
      <symbol id="sm-e08">
         <name>__aeabi_i2f</name>
         <value>0x1005f65</value>
         <object_component_ref idref="oc-3c0"/>
      </symbol>
      <symbol id="sm-e11">
         <name>__aeabi_lmul</name>
         <value>0x100680d</value>
         <object_component_ref idref="oc-5d6"/>
      </symbol>
      <symbol id="sm-e2c">
         <name>memcpy</name>
         <value>0x1004255</value>
         <object_component_ref idref="oc-3c"/>
      </symbol>
      <symbol id="sm-e2d">
         <name>__aeabi_memcpy</name>
         <value>0x1004255</value>
         <object_component_ref idref="oc-3c"/>
      </symbol>
      <symbol id="sm-e2e">
         <name>__aeabi_memcpy8</name>
         <value>0x1004255</value>
         <object_component_ref idref="oc-3c"/>
      </symbol>
      <symbol id="sm-e2f">
         <name>__aeabi_memcpy4</name>
         <value>0x1004255</value>
         <object_component_ref idref="oc-3c"/>
      </symbol>
      <symbol id="sm-e3c">
         <name>__aeabi_uldivmod</name>
         <value>0x10042f1</value>
         <object_component_ref idref="oc-5cb"/>
      </symbol>
      <symbol id="sm-e4e">
         <name>__TI_zero_init</name>
         <value>0x1006b65</value>
         <object_component_ref idref="oc-4e"/>
      </symbol>
      <symbol id="sm-e65">
         <name>__TI_decompress_none</name>
         <value>0x1006b33</value>
         <object_component_ref idref="oc-1b"/>
      </symbol>
      <symbol id="sm-e88">
         <name>__TI_decompress_lzss</name>
         <value>0x1004ded</value>
         <object_component_ref idref="oc-15"/>
      </symbol>
      <symbol id="sm-f11">
         <name>_sys_memory</name>
         <value>0x20000310</value>
         <object_component_ref idref="oc-2b"/>
      </symbol>
      <symbol id="sm-f12">
         <name>free</name>
         <value>0x10035b1</value>
         <object_component_ref idref="oc-42d"/>
      </symbol>
      <symbol id="sm-f13">
         <name>memalign</name>
         <value>0x10030d9</value>
         <object_component_ref idref="oc-628"/>
      </symbol>
      <symbol id="sm-f14">
         <name>malloc</name>
         <value>0x1006bc1</value>
         <object_component_ref idref="oc-487"/>
      </symbol>
      <symbol id="sm-f15">
         <name>aligned_alloc</name>
         <value>0x10030d9</value>
         <object_component_ref idref="oc-628"/>
      </symbol>
      <symbol id="sm-f27">
         <name>__stack</name>
         <value>0x2003f000</value>
         <object_component_ref idref="oc-2e"/>
      </symbol>
      <symbol id="sm-f28">
         <name>_c_int00_noargs</name>
         <value>0x10064bd</value>
         <object_component_ref idref="oc-c6"/>
      </symbol>
      <symbol id="sm-108d">
         <name>__TI_printfi</name>
         <value>0x1000841</value>
         <object_component_ref idref="oc-39b"/>
      </symbol>
      <symbol id="sm-1097">
         <name>__aeabi_idiv0</name>
         <value>0x100626b</value>
         <object_component_ref idref="oc-7b5"/>
      </symbol>
      <symbol id="sm-1098">
         <name>__aeabi_ldiv0</name>
         <value>0x100626b</value>
         <object_component_ref idref="oc-7b5"/>
      </symbol>
      <symbol id="sm-10af">
         <name>__aeabi_dsub</name>
         <value>0x100215d</value>
         <object_component_ref idref="oc-751"/>
      </symbol>
      <symbol id="sm-10b0">
         <name>__aeabi_dadd</name>
         <value>0x1002167</value>
         <object_component_ref idref="oc-751"/>
      </symbol>
      <symbol id="sm-10d2">
         <name>__aeabi_cdcmpeq</name>
         <value>0x1004645</value>
         <object_component_ref idref="oc-540"/>
      </symbol>
      <symbol id="sm-10d3">
         <name>__aeabi_cdcmple</name>
         <value>0x1004645</value>
         <object_component_ref idref="oc-540"/>
      </symbol>
      <symbol id="sm-10d4">
         <name>__aeabi_cdrcmple</name>
         <value>0x10046cb</value>
         <object_component_ref idref="oc-73c"/>
      </symbol>
      <symbol id="sm-10e8">
         <name>__aeabi_ddiv</name>
         <value>0x1002c41</value>
         <object_component_ref idref="oc-737"/>
      </symbol>
      <symbol id="sm-10f3">
         <name>__aeabi_dmul</name>
         <value>0x10032d5</value>
         <object_component_ref idref="oc-732"/>
      </symbol>
      <symbol id="sm-10fd">
         <name>__aeabi_d2iz</name>
         <value>0x1005869</value>
         <object_component_ref idref="oc-741"/>
      </symbol>
      <symbol id="sm-1107">
         <name>__aeabi_i2d</name>
         <value>0x100623d</value>
         <object_component_ref idref="oc-74c"/>
      </symbol>
      <symbol id="sm-1116">
         <name>__aeabi_memset</name>
         <value>0x1004acb</value>
         <object_component_ref idref="oc-9e"/>
      </symbol>
      <symbol id="sm-1117">
         <name>memset</name>
         <value>0x1004ad1</value>
         <object_component_ref idref="oc-9e"/>
      </symbol>
      <symbol id="sm-1118">
         <name>__aeabi_memset8</name>
         <value>0x1004acb</value>
         <object_component_ref idref="oc-9e"/>
      </symbol>
      <symbol id="sm-1119">
         <name>__aeabi_memset4</name>
         <value>0x1004acb</value>
         <object_component_ref idref="oc-9e"/>
      </symbol>
      <symbol id="sm-111a">
         <name>__aeabi_memclr8</name>
         <value>0x1004ac9</value>
         <object_component_ref idref="oc-9e"/>
      </symbol>
      <symbol id="sm-111b">
         <name>__aeabi_memclr4</name>
         <value>0x1004ac9</value>
         <object_component_ref idref="oc-9e"/>
      </symbol>
      <symbol id="sm-111c">
         <name>__aeabi_memclr</name>
         <value>0x1004ac9</value>
         <object_component_ref idref="oc-9e"/>
      </symbol>
      <symbol id="sm-1144">
         <name>__TI_auto_init_nobinit_nopinit</name>
         <value>0x1005b19</value>
         <object_component_ref idref="oc-17a"/>
      </symbol>
      <symbol id="sm-114e">
         <name>_system_pre_init</name>
         <value>0x1006bf7</value>
         <object_component_ref idref="oc-11a"/>
      </symbol>
      <symbol id="sm-115a">
         <name>C$$EXIT</name>
         <value>0x1006bfb</value>
         <object_component_ref idref="oc-16e"/>
      </symbol>
      <symbol id="sm-115b">
         <name>abort</name>
         <value>0x1006bfb</value>
         <object_component_ref idref="oc-16e"/>
      </symbol>
      <symbol id="sm-1170">
         <name>_nop</name>
         <value>0x1004c2f</value>
         <object_component_ref idref="oc-3d8"/>
      </symbol>
      <symbol id="sm-1171">
         <name>_lock</name>
         <value>0x20008980</value>
         <object_component_ref idref="oc-249"/>
      </symbol>
      <symbol id="sm-1172">
         <name>_unlock</name>
         <value>0x20008984</value>
         <object_component_ref idref="oc-249"/>
      </symbol>
      <symbol id="sm-1181">
         <name>__TI_ltoa</name>
         <value>0x1005267</value>
         <object_component_ref idref="oc-746"/>
      </symbol>
      <symbol id="sm-1198">
         <name>atoi</name>
         <value>0x100558d</value>
         <object_component_ref idref="oc-534"/>
      </symbol>
      <symbol id="sm-11a3">
         <name>_ctypes_</name>
         <value>0x1006c00</value>
         <object_component_ref idref="oc-72b"/>
      </symbol>
      <symbol id="sm-11b3">
         <name>memccpy</name>
         <value>0x1006651</value>
         <object_component_ref idref="oc-55d"/>
      </symbol>
      <symbol id="sm-11c3">
         <name>strchr</name>
         <value>0x1006895</value>
         <object_component_ref idref="oc-77d"/>
      </symbol>
      <symbol id="sm-11d1">
         <name>strlen</name>
         <value>0x1006961</value>
         <object_component_ref idref="oc-52e"/>
      </symbol>
      <symbol id="sm-11e7">
         <name>__aeabi_errno_addr</name>
         <value>0x1006bb9</value>
         <object_component_ref idref="oc-569"/>
      </symbol>
      <symbol id="sm-11e8">
         <name>errno</name>
         <value>0x200089a8</value>
         <object_component_ref idref="oc-78d"/>
      </symbol>
      <symbol id="sm-1208">
         <name>frexpl</name>
         <value>0x10050a9</value>
         <object_component_ref idref="oc-771"/>
      </symbol>
      <symbol id="sm-1209">
         <name>frexp</name>
         <value>0x10050a9</value>
         <object_component_ref idref="oc-771"/>
      </symbol>
      <symbol id="sm-1227">
         <name>scalbn</name>
         <value>0x1003695</value>
         <object_component_ref idref="oc-777"/>
      </symbol>
      <symbol id="sm-1228">
         <name>scalbnl</name>
         <value>0x1003695</value>
         <object_component_ref idref="oc-777"/>
      </symbol>
      <symbol id="sm-1229">
         <name>ldexpl</name>
         <value>0x1003695</value>
         <object_component_ref idref="oc-777"/>
      </symbol>
      <symbol id="sm-122a">
         <name>ldexp</name>
         <value>0x1003695</value>
         <object_component_ref idref="oc-777"/>
      </symbol>
      <symbol id="sm-1234">
         <name>copysign</name>
         <value>0x1006b59</value>
         <object_component_ref idref="oc-8f3"/>
      </symbol>
      <symbol id="sm-1235">
         <name>copysignl</name>
         <value>0x1006b59</value>
         <object_component_ref idref="oc-8f3"/>
      </symbol>
      <symbol id="sm-124e">
         <name>wcslen</name>
         <value>0x10069cf</value>
         <object_component_ref idref="oc-563"/>
      </symbol>
      <symbol id="sm-124f">
         <name>__TI_static_base__</name>
         <value>0x10070e0</value>
      </symbol>
      <symbol id="sm-1252">
         <name>ITM_flush</name>
         <value>0x0</value>
      </symbol>
      <symbol id="sm-1253">
         <name>ITM_restore</name>
         <value>0x0</value>
      </symbol>
      <symbol id="sm-1254">
         <name>__mpu_init</name>
         <value>0x0</value>
      </symbol>
      <symbol id="sm-1255">
         <name>_system_post_cinit</name>
         <value>0x0</value>
      </symbol>
      <symbol id="sm-1256">
         <name>NoRTOS_start</name>
         <value>0x1006afb</value>
      </symbol>
   </symbol_table>
   <title>Link successful</title>
</link_info>
