******************************************************************************
                  TI ARM Linker Unix v20.2.6                   
******************************************************************************
>> Linked Thu Feb 24 20:00:42 2022

OUTPUT FILE NAME:   <gpiointerrupt_CC3220SF_LAUNCHXL_nortos_ccs.out>
ENTRY POINT SYMBOL: "resetISR"  address: 010066a1


MEMORY CONFIGURATION

         name            origin    length      used     unused   attr    fill
----------------------  --------  ---------  --------  --------  ----  --------
  FLASH_HDR             01000000   000007ff  00000000  000007ff  R  X
  FLASH                 01000800   000ff800  000069d6  000f8e2a  R  X
  SRAM                  20000000   00040000  00009e44  000361bc  RW X
  LOG_DATA              90000000   00040000  00000000  00040000  R   


SEGMENT ALLOCATION MAP

run origin  load origin   length   init length attrs members
----------  ----------- ---------- ----------- ----- -------
01000800    01000800    000069d8   000069d8    r-x
  01000800    01000800    00000040   00000040    r-- .resetVecs
  01000840    01000840    000063be   000063be    r-x .text
  01006c00    01006c00    000004e0   000004e0    r-- .const
  010070e0    010070e0    000000f8   000000f8    r-- .cinit
20000310    20000310    00008b38   00000000    rw-
  20000310    20000310    00008000   00000000    rw- .sysmem
  20008310    20008310    000006a0   00000000    rw- .data
  200089b0    200089b0    00000498   00000000    rw- .bss
2003f000    2003f000    00001000   00000000    rw-
  2003f000    2003f000    00001000   00000000    rw- .stack


SECTION ALLOCATION MAP

 output                                  attributes/
section   page    origin      length       input sections
--------  ----  ----------  ----------   ----------------
.resetVecs 
*          0    01000800    00000040     
                  01000800    00000040     nortos_cc32xx.a : startup_cc32xx_ccs.oem4 (.resetVecs:retain)

.text      0    01000840    000063be     
                  01000840    00000a4e     rtsv7M4_T_le_eabi.lib : _printfi.c.obj (.text:__TI_printfi)
                  0100128e    00000002     ti_drivers_config.obj (.text:Board_initHook)
                  01001290    0000042c     driverlib.a : prcm.obj (.text:PRCMCC3200MCUInit)
                  010016bc    00000288     drivers_cc32xx.a : UARTCC32XX.oem4 (.text:UARTCC32XX_open)
                  01001944    00000268     rtsv7M4_T_le_eabi.lib : _printfi.c.obj (.text:_pconv_a)
                  01001bac    00000220     gpiointerrupt.obj (.text:mainThread)
                  01001dcc    000001cc     rtsv7M4_T_le_eabi.lib : _printfi.c.obj (.text:_pconv_g)
                  01001f98    000001c4     gpiointerrupt.obj (.text:initI2C)
                  0100215c    000001b6     rtsv7M4_T_le_eabi.lib : fd_add_t2.asm.obj (.text)
                  01002312    00000002     drivers_cc32xx.a : I2C.oem4 (.text:I2C_init)
                  01002314    0000019c     nortos_cc32xx.a : PowerCC32XX_nortos.oem4 (.text:PowerCC32XX_sleepPolicy)
                  010024b0    00000154     drivers_cc32xx.a : GPIOCC32XX.oem4 (.text:GPIO_setConfig)
                  01002604    00000148                      : I2CCC32XX.oem4 (.text:I2CCC32XX_hwiFxn)
                  0100274c    00000148                      : PowerCC32XX.oem4 (.text:parkPins)
                  01002894    0000013c     rtsv7M4_T_le_eabi.lib : _printfi.c.obj (.text:_pconv_e)
                  010029d0    00000138     drivers_cc32xx.a : PowerCC32XX.oem4 (.text:Power_sleep)
                  01002b08    00000138                      : TimerCC32XX.oem4 (.text:Timer_open)
                  01002c40    00000136     rtsv7M4_T_le_eabi.lib : fd_div_t2.asm.obj (.text)
                  01002d76    00000122     drivers_cc32xx.a : I2C.oem4 (.text:I2C_transferTimeout)
                  01002e98    00000120                      : UARTCC32XX.oem4 (.text:UARTCC32XX_close)
                  01002fb8    00000120     rtsv7M4_T_le_eabi.lib : _printfi.c.obj (.text:fcvt)
                  010030d8    00000100                           : memory.c.obj (.text:aligned_alloc)
                  010031d8    000000fc     drivers_cc32xx.a : I2CCC32XX.oem4 (.text:I2C_open)
                  010032d4    000000fc     rtsv7M4_T_le_eabi.lib : fd_mul_t2.asm.obj (.text)
                  010033d0    000000f2     drivers_cc32xx.a : UARTCC32XX.oem4 (.text:UARTCC32XX_control)
                  010034c2    00000002     nortos_cc32xx.a : PowerCC32XX_nortos.oem4 (.text:PowerCC32XX_initPolicy)
                  010034c4    000000ec     gpiointerrupt.obj (.text:readTemp)
                  010035b0    000000e4     rtsv7M4_T_le_eabi.lib : memory.c.obj (.text:free)
                  01003694    000000d0                           : s_scalbn.c.obj (.text:scalbn)
                  01003764    000000ca     drivers_cc32xx.a : UARTCC32XX.oem4 (.text:UARTCC32XX_write)
                  0100382e    00000002     nortos_cc32xx.a : SemaphoreP_nortos.oem4 (.text:SemaphoreP_destruct)
                  01003830    000000c0     drivers_cc32xx.a : PowerCC32XX.oem4 (.text:restoreParkedPins)
                  010038f0    000000ba                      : UARTCC32XX.oem4 (.text:UARTCC32XX_readPolling)
                  010039aa    00000002                      : Timer.oem4 (.text:Timer_init)
                  010039ac    000000b8                      : UARTCC32XX.oem4 (.text:initHw)
                  01003a64    000000b6                      : UARTCC32XX.oem4 (.text:readTaskCallback)
                  01003b1a    000000b2                      : I2CCC32XX.oem4 (.text:I2CCC32XX_completeTransfer)
                  01003bcc    000000b1     rtsv7M4_T_le_eabi.lib : _printfi.c.obj (.text:_ltostr)
                  01003c7d    00000001     --HOLE-- [fill = 0]
                  01003c7e    000000b0     drivers_cc32xx.a : UARTCC32XX.oem4 (.text:readTaskBlocking)
                  01003d2e    000000ae                      : UARTCC32XX.oem4 (.text:readIsrTextBlocking)
                  01003ddc    000000a8                      : I2CCC32XX.oem4 (.text:I2CCC32XX_primeWriteBurst)
                  01003e84    000000a8     driverlib.a : interrupt.obj (.text:IntEnable)
                  01003f2c    000000a8     drivers_cc32xx.a : PowerCC32XX.oem4 (.text:PowerCC32XX_configureWakeup)
                  01003fd4    000000a2                      : UARTCC32XX.oem4 (.text:readIsrTextCallback)
                  01004076    000000a2                      : UARTCC32XX.oem4 (.text:writeData)
                  01004118    000000a0     nortos_cc32xx.a : SemaphoreP_nortos.oem4 (.text:SemaphoreP_pend)
                  010041b8    0000009c     drivers_cc32xx.a : I2CCC32XX.oem4 (.text:I2CCC32XX_initHw)
                  01004254    0000009c     rtsv7M4_T_le_eabi.lib : memcpy_t2.asm.obj (.text)
                  010042f0    00000096                           : ull_div_t2.asm.obj (.text)
                  01004386    00000002     drivers_cc32xx.a : UARTCC32XX.oem4 (.text:UARTCC32XX_init)
                  01004388    00000090                      : GPIOCC32XX.oem4 (.text:GPIO_init)
                  01004418    00000090                      : PowerCC32XX.oem4 (.text:restoreNVICRegs)
                  010044a8    0000008c     nortos_cc32xx.a : HwiPCC32XX_nortos.oem4 (.text:HwiP_construct)
                  01004534    00000088     driverlib.a : interrupt.obj (.text:IntPendSet)
                  010045bc    00000088                 : pin.obj (.text:PinConfigSet)
                  01004644    00000086     rtsv7M4_T_le_eabi.lib : fd_cmp_t2.asm.obj (.text:__aeabi_cdcmple)
                  010046ca    00000086                           : fd_cmp_t2.asm.obj (.text:__aeabi_cdrcmple)
                  01004750    00000084     drivers_cc32xx.a : PowerCC32XX.oem4 (.text:Power_init)
                  010047d4    00000084                      : PowerCC32XX.oem4 (.text:saveNVICRegs)
                  01004858    00000080                      : GPIOCC32XX.oem4 (.text:GPIO_write)
                  010048d8    00000080                      : PowerCC32XX.oem4 (.text:Power_setDependency)
                  01004958    0000007c                      : UARTCC32XX.oem4 (.text:readIsrBinaryBlocking)
                  010049d4    0000007a                      : I2CCC32XX.oem4 (.text:I2CCC32XX_primeReadBurst)
                  01004a4e    0000007a     rtsv7M4_T_le_eabi.lib : fs_mul_t2.asm.obj (.text)
                  01004ac8    0000007a                           : memset_t2.asm.obj (.text)
                  01004b42    00000078     drivers_cc32xx.a : UARTCC32XX.oem4 (.text:readIsrBinaryCallback)
                  01004bba    00000074                      : UARTCC32XX.oem4 (.text:UARTCC32XX_hwiIntFxn)
                  01004c2e    00000002     rtsv7M4_T_le_eabi.lib : _lock.c.obj (.text:_nop)
                  01004c30    00000074     drivers_cc32xx.a : GPIOCC32XX.oem4 (.text:powerNotifyFxn)
                  01004ca4    00000070     rtsv7M4_T_le_eabi.lib : memory.c.obj (.text:split)
                  01004d14    0000006e                           : _printfi.c.obj (.text:_mcpy)
                  01004d82    0000006a     drivers_cc32xx.a : I2CCC32XX.oem4 (.text:I2CSupport_primeTransfer)
                  01004dec    00000068     rtsv7M4_T_le_eabi.lib : copy_decompress_lzss.c.obj (.text:decompress:lzss:__TI_decompress_lzss)
                  01004e54    00000066     drivers_cc32xx.a : UARTCC32XX.oem4 (.text:UARTCC32XX_writeCancel)
                  01004eba    00000002     nortos_cc32xx.a : startup_cc32xx_ccs.oem4 (.text:busFaultHandler)
                  01004ebc    00000064     drivers_cc32xx.a : GPIOCC32XX.oem4 (.text:GPIO_setInterruptConfig)
                  01004f20    00000064                      : PowerCC32XX.oem4 (.text:PowerCC32XX_setParkState)
                  01004f84    00000062                      : UARTCC32XX.oem4 (.text:UARTCC32XX_writePolling)
                  01004fe6    00000002     nortos_cc32xx.a : SemaphoreP_nortos.oem4 (.text:clkFxn)
                  01004fe8    00000060     drivers_cc32xx.a : GPIOCC32XX.oem4 (.text:GPIO_hwiIntFxn)
                  01005048    00000060     driverlib.a : prcm.obj (.text:PRCMSysResetCauseGet)
                  010050a8    0000005c     rtsv7M4_T_le_eabi.lib : s_frexp.c.obj (.text:frexp)
                  01005104    0000005c     nortos_cc32xx.a : ClockPSysTick_nortos.oem4 (.text:sysTickInit)
                  01005160    00000058     driverlib.a : prcm.obj (.text:PRCMPeripheralReset)
                  010051b8    00000058     drivers_cc32xx.a : PowerCC32XX.oem4 (.text:Power_releaseDependency)
                  01005210    00000056     rtsv7M4_T_le_eabi.lib : _printfi.c.obj (.text:_pconv_f)
                  01005266    00000054                           : _ltoa.c.obj (.text:__TI_ltoa)
                  010052ba    00000054     drivers_cc32xx.a : UARTCC32XX.oem4 (.text:ringBufGet)
                  0100530e    00000052                      : PowerCC32XX_asm.oem4 (.text:PowerCC32XX_resumeLPDS)
                  01005360    00000052     rtsv7M4_T_le_eabi.lib : _printfi.c.obj (.text:_ecpy)
                  010053b2    00000052     drivers_cc32xx.a : TimerCC32XX.oem4 (.text:initHw)
                  01005404    00000050     nortos_cc32xx.a : ClockPSysTick_nortos.oem4 (.text:ClockP_sysTickHandler)
                  01005454    00000050                     : SemaphoreP_nortos.oem4 (.text:SemaphoreP_construct)
                  010054a4    00000050     drivers_cc32xx.a : TimerCC32XX.oem4 (.text:TimerCC32XX_allocateTimerResource)
                  010054f4    0000004c                      : I2CCC32XX.oem4 (.text:I2CCC32XX_readRecieveFifo)
                  01005540    0000004c                      : PowerCC32XX.oem4 (.text:PowerCC32XX_parkPin)
                  0100558c    0000004c     rtsv7M4_T_le_eabi.lib : atoi.c.obj (.text:atoi)
                  010055d8    0000004c     drivers_cc32xx.a : PowerCC32XX.oem4 (.text:restorePeriphClocks)
                  01005624    0000004c     rtsv7M4_T_le_eabi.lib : snprintf.c.obj (.text:snprintf)
                  01005670    00000048     driverlib.a : flash.obj (.text:FlashDisable)
                  010056b8    00000048     drivers_cc32xx.a : GPIOCC32XX.oem4 (.text:GPIO_disableInt)
                  01005700    00000048                      : GPIOCC32XX.oem4 (.text:GPIO_enableInt)
                  01005748    00000048     driverlib.a : prcm.obj (.text:PRCMLPDSEnter)
                  01005790    00000048                 : prcm.obj (.text:PRCMPeripheralClkEnable)
                  010057d8    00000048     drivers_cc32xx.a : PowerCC32XX.oem4 (.text:Power_releaseConstraint)
                  01005820    00000048     gpiointerrupt.obj (.text:initTimer)
                  01005868    00000048     rtsv7M4_T_le_eabi.lib : fd_toi_t2.asm.obj (.text)
                  010058b0    00000046     drivers_cc32xx.a : RingBuf.oem4 (.text:RingBuf_put)
                  010058f6    00000046                      : TimerCC32XX.oem4 (.text:getPrescaler)
                  0100593c    00000044     nortos_cc32xx.a : ClockPSysTick_nortos.oem4 (.text:ClockP_stop)
                  01005980    00000044     driverlib.a : prcm.obj (.text:PRCMLPDSRestoreInfoSet)
                  010059c4    00000044     drivers_cc32xx.a : PowerCC32XX_asm.oem4 (.text:PowerCC32XX_enterLPDS)
                  01005a08    00000044     nortos_cc32xx.a : SemaphoreP_nortos.oem4 (.text:SemaphoreP_post)
                  01005a4c    00000044                     : SwiP_nortos.oem4 (.text:SwiP_restore)
                  01005a90    00000044     drivers_cc32xx.a : Timer.oem4 (.text:Timer_start)
                  01005ad4    00000044                      : UART.oem4 (.text:UART_init)
                  01005b18    00000044     rtsv7M4_T_le_eabi.lib : autoinit.c.obj (.text:__TI_auto_init_nobinit_nopinit:__TI_auto_init_nobinit_nopinit)
                  01005b5c    00000040     nortos_cc32xx.a : ClockPSysTick_nortos.oem4 (.text:ClockP_construct)
                  01005b9c    00000040     driverlib.a : pin.obj (.text:PinModeSet)
                  01005bdc    00000040     drivers_cc32xx.a : RingBuf.oem4 (.text:RingBuf_get)
                  01005c1c    00000040                      : TimerCC32XX.oem4 (.text:TimerSupport_timerEnable)
                  01005c5c    00000040                      : TimerCC32XX.oem4 (.text:Timer_close)
                  01005c9c    00000040                      : UARTCC32XX.oem4 (.text:UARTCC32XX_read)
                  01005cdc    00000040                      : UART.oem4 (.text:UART_open)
                  01005d1c    0000003e     rtsv7M4_T_le_eabi.lib : _printfi.c.obj (.text:_fcpy)
                  01005d5a    00000002     nortos_cc32xx.a : startup_cc32xx_ccs.oem4 (.text:defaultHandler)
                  01005d5c    0000003c                     : ClockPSysTick_nortos.oem4 (.text:ClockP_destruct)
                  01005d98    0000003c     drivers_cc32xx.a : PowerCC32XX.oem4 (.text:Power_setConstraint)
                  01005dd4    0000003c     gpiointerrupt.obj (.text:initUART)
                  01005e10    0000003a     nortos_cc32xx.a : PowerCC32XX_nortos.oem4 (.text:getCountsRTC)
                  01005e4a    00000002                     : startup_cc32xx_ccs.oem4 (.text:faultISR)
                  01005e4c    00000038     driverlib.a : prcm.obj (.text:PRCMLPDSEnterKeepDebugIf)
                  01005e84    00000038     nortos_cc32xx.a : ClockPSysTick_nortos.oem4 (.text:addToList)
                  01005ebc    00000038                     : startup_cc32xx_ccs.oem4 (.text:initVectors)
                  01005ef4    00000038     drivers_cc32xx.a : PowerCC32XX.oem4 (.text:notify)
                  01005f2c    00000038     rtsv7M4_T_le_eabi.lib : fs_toi_t2.asm.obj (.text)
                  01005f64    00000038                           : i_tofs_t2.asm.obj (.text)
                  01005f9c    00000036     driverlib.a : timer.obj (.text:TimerControlStall)
                  01005fd2    00000036     drivers_cc32xx.a : Timer.oem4 (.text:Timer_stop)
                  01006008    00000036                      : UARTCC32XX.oem4 (.text:UARTCC32XX_readCancel)
                  0100603e    00000002     nortos_cc32xx.a : startup_cc32xx_ccs.oem4 (.text:nmiISR)
                  01006040    00000034                     : ClockPSysTick_nortos.oem4 (.text:ClockP_getTicksUntilInterrupt)
                  01006074    00000034                     : ClockPSysTick_nortos.oem4 (.text:ClockP_startup)
                  010060a8    00000034     driverlib.a : pin.obj (.text:PinModeGet)
                  010060dc    00000034     drivers_cc32xx.a : PowerCC32XX.oem4 (.text:PowerCC32XX_restoreParkState)
                  01006110    00000034                      : TimerCC32XX.oem4 (.text:TimerCC32XX_freeTimerResource)
                  01006144    00000034                      : TimerCC32XX.oem4 (.text:TimerCC32XX_hwiIntFunction)
                  01006178    00000034                      : TimerCC32XX.oem4 (.text:getPowerMgrId)
                  010061ac    00000030     nortos_cc32xx.a : ClockPSysTick_nortos.oem4 (.text:ClockP_start)
                  010061dc    00000030     drivers_cc32xx.a : PowerCC32XX.oem4 (.text:PowerCC32XX_restoreParkedPin)
                  0100620c    00000030     rtsv7M4_T_le_eabi.lib : snprintf.c.obj (.text:_outs)
                  0100623c    0000002e                           : i_tofd_t2.asm.obj (.text)
                  0100626a    00000002                           : div0.asm.obj (.text)
                  0100626c    0000002c     drivers_cc32xx.a : PowerCC32XX.oem4 (.text:PowerCC32XX_getParkState)
                  01006298    0000002a     nortos_cc32xx.a : HwiPCC32XX_nortos.oem4 (.text:HwiP_create)
                  010062c2    0000002a     driverlib.a : timer.obj (.text:TimerLoadSet)
                  010062ec    0000002a                 : timer.obj (.text:TimerPrescaleSet)
                  01006316    00000028                 : i2c.obj (.text:I2CFIFODataPutNonBlocking)
                  0100633e    00000002     --HOLE-- [fill = 0]
                  01006340    00000028                 : prcm.obj (.text:PRCMPeripheralClkDisable)
                  01006368    00000028     drivers_cc32xx.a : PowerCC32XX.oem4 (.text:Power_registerNotify)
                  01006390    00000028     rtsv7M4_T_le_eabi.lib : memory.c.obj (.text:free_list_insert)
                  010063b8    00000026     driverlib.a : i2c.obj (.text:I2CFIFODataGetNonBlocking)
                  010063de    00000026     drivers_cc32xx.a : I2C.oem4 (.text:I2C_cancel)
                  01006404    00000026                      : List.oem4 (.text:List_put)
                  0100642a    00000026                      : List.oem4 (.text:List_remove)
                  01006450    00000024     nortos_cc32xx.a : HwiPCC32XX_nortos.oem4 (.text:HwiP_dispatch)
                  01006474    00000024     drivers_cc32xx.a : PowerCC32XX.oem4 (.text:PowerCC32XX_reset)
                  01006498    00000024                      : TimerCC32XX.oem4 (.text:TimerSupport_timerDisable)
                  010064bc    00000024     rtsv7M4_T_le_eabi.lib : boot_cortex_m.c.obj (.text:_c_int00_noargs:_c_int00_noargs)
                  010064e0    00000022     driverlib.a : i2c.obj (.text:I2CMasterSlaveAddrSet)
                  01006502    00000020     nortos_cc32xx.a : HwiPCC32XX_nortos.oem4 (.text:HwiP_destruct)
                  01006522    00000002     --HOLE-- [fill = 0]
                  01006524    00000020     drivers_cc32xx.a : PowerCC32XX.oem4 (.text:Power_unregisterNotify)
                  01006544    00000020                      : RingBuf.oem4 (.text:RingBuf_peek)
                  01006564    00000020                      : UARTCC32XX.oem4 (.text:getPowerMgrId)
                  01006584    0000001e     driverlib.a : i2c.obj (.text:I2CMasterIntStatusEx)
                  010065a2    0000001e     nortos_cc32xx.a : SemaphoreP_nortos.oem4 (.text:SemaphoreP_constructBinary)
                  010065c0    0000001e     driverlib.a : timer.obj (.text:TimerDisable)
                  010065de    0000001e                 : timer.obj (.text:TimerEnable)
                  010065fc    0000001c                 : pin.obj (.text:PinToPadGet)
                  01006618    0000001c     nortos_cc32xx.a : SwiP_nortos.oem4 (.text:SwiP_disable)
                  01006634    0000001c     rtsv7M4_T_le_eabi.lib : memory.c.obj (.text:free_list_remove)
                  01006650    0000001c                           : memccpy.c.obj (.text:memccpy)
                  0100666c    0000001a     nortos_cc32xx.a : ClockPSysTick_nortos.oem4 (.text:ClockP_create)
                  01006686    0000001a                     : SemaphoreP_nortos.oem4 (.text:SemaphoreP_createBinary)
                  010066a0    0000001a                     : startup_cc32xx_ccs.oem4 (.text:resetISR)
                  010066ba    00000002     --HOLE-- [fill = 0]
                  010066bc    00000018     drivers_cc32xx.a : GPIO.oem4 (.text:GPIO_setCallback)
                  010066d4    00000018     driverlib.a : i2c.obj (.text:I2CMasterBusBusy)
                  010066ec    00000018                 : i2c.obj (.text:I2CMasterIntDisableEx)
                  01006704    00000018                 : i2c.obj (.text:I2CMasterIntEnableEx)
                  0100671c    00000018                 : i2c.obj (.text:I2CRxFIFOFlush)
                  01006734    00000018                 : i2c.obj (.text:I2CTxFIFOFlush)
                  0100674c    00000018     drivers_cc32xx.a : PowerCC32XX.oem4 (.text:Power_getTransitionLatency)
                  01006764    00000018                      : PowerCC32XX.oem4 (.text:Power_idleFunc)
                  0100677c    00000018     driverlib.a : timer.obj (.text:TimerIntDisable)
                  01006794    00000018                 : timer.obj (.text:TimerIntEnable)
                  010067ac    00000018                 : uart.obj (.text:UARTBusy)
                  010067c4    00000018                 : uart.obj (.text:UARTIntEnable)
                  010067dc    00000018     drivers_cc32xx.a : UART.oem4 (.text:UART_Params_init)
                  010067f4    00000018     rtsv7M4_T_le_eabi.lib : snprintf.c.obj (.text:_outc)
                  0100680c    00000018                           : ll_mul_t2.asm.obj (.text)
                  01006824    00000018     gpiointerrupt.obj (.text:timerCallback)
                  0100683c    00000016     driverlib.a : i2c.obj (.text:I2CMasterBurstLengthSet)
                  01006852    00000016                 : prcm.obj (.text:PRCMHIBRegRead)
                  01006868    00000016                 : prcm.obj (.text:PRCMHIBRegWrite)
                  0100687e    00000016     nortos_cc32xx.a : SemaphoreP_nortos.oem4 (.text:SemaphoreP_create)
                  01006894    00000016     rtsv7M4_T_le_eabi.lib : strchr.c.obj (.text:strchr)
                  010068aa    00000014     ti_drivers_config.obj (.text:Board_init)
                  010068be    00000014     driverlib.a : cpu.obj (.text:CPUcpsid)
                  010068d2    00000002     --HOLE-- [fill = 0]
                  010068d4    00000014     nortos_cc32xx.a : HwiPCC32XX_nortos.oem4 (.text:HwiP_inISR)
                  010068e8    00000014     drivers_cc32xx.a : I2CCC32XX.oem4 (.text:I2CSupport_masterFinish)
                  010068fc    00000014                      : I2C.oem4 (.text:I2C_transfer)
                  01006910    00000014     driverlib.a : interrupt.obj (.text:IntVTableBaseSet)
                  01006924    00000014     drivers_cc32xx.a : PowerCC32XX.oem4 (.text:Power_disablePolicy)
                  01006938    00000014                      : PowerCC32XX.oem4 (.text:Power_getDependencyCount)
                  0100694c    00000014                      : UARTCC32XX.oem4 (.text:releasePowerConstraint)
                  01006960    00000014     rtsv7M4_T_le_eabi.lib : strlen.c.obj (.text:strlen)
                  01006974    00000012     nortos_cc32xx.a : HwiPCC32XX_nortos.oem4 (.text:HwiP_Params_init)
                  01006986    00000012     driverlib.a : i2c.obj (.text:I2CMasterIntClearEx)
                  01006998    00000012     drivers_cc32xx.a : RingBuf.oem4 (.text:RingBuf_construct)
                  010069aa    00000012     driverlib.a : timer.obj (.text:TimerIntClear)
                  010069bc    00000012     main_nortos.obj (.text:main)
                  010069ce    00000012     rtsv7M4_T_le_eabi.lib : wcslen.c.obj (.text:wcslen)
                  010069e0    00000010     nortos_cc32xx.a : ClockPSysTick_nortos.oem4 (.text:ClockP_add)
                  010069f0    00000010                     : ClockPSysTick_nortos.oem4 (.text:ClockP_delete)
                  01006a00    00000010                     : ClockPSysTick_nortos.oem4 (.text:ClockP_getCpuFreq)
                  01006a10    00000010                     : ClockPSysTick_nortos.oem4 (.text:ClockP_getSystemTicks)
                  01006a20    00000010                     : ClockPSysTick_nortos.oem4 (.text:ClockP_setTicks)
                  01006a30    00000010                     : HwiPCC32XX_nortos.oem4 (.text:HwiP_delete)
                  01006a40    00000010                     : HwiPCC32XX_nortos.oem4 (.text:HwiP_restore)
                  01006a50    00000010     driverlib.a : i2c.obj (.text:I2CFIFOStatus)
                  01006a60    00000010     drivers_cc32xx.a : I2C.oem4 (.text:I2C_Params_init)
                  01006a70    00000010                      : PowerCC32XX.oem4 (.text:Power_enablePolicy)
                  01006a80    00000010     nortos_cc32xx.a : SemaphoreP_nortos.oem4 (.text:SemaphoreP_Params_init)
                  01006a90    00000010     drivers_cc32xx.a : Timer.oem4 (.text:Timer_Params_init)
                  01006aa0    00000010     gpiointerrupt.obj (.text:gpioButtonFxn0)
                  01006ab0    00000010     gpiointerrupt.obj (.text:gpioButtonFxn1)
                  01006ac0    00000010     drivers_cc32xx.a : UARTCC32XX.oem4 (.text:readBlockingTimeout)
                  01006ad0    0000000e     nortos_cc32xx.a : HwiPCC32XX_nortos.oem4 (.text:HwiP_clearInterrupt)
                  01006ade    0000000e                     : HwiPCC32XX_nortos.oem4 (.text:HwiP_disable)
                  01006aec    0000000e                     : HwiPCC32XX_nortos.oem4 (.text:HwiP_disableInterrupt)
                  01006afa    0000000e                     : HwiPCC32XX_nortos.oem4 (.text:HwiP_enable)
                  01006b08    0000000e                     : HwiPCC32XX_nortos.oem4 (.text:HwiP_enableInterrupt)
                  01006b16    0000000e     drivers_cc32xx.a : I2CCC32XX.oem4 (.text:I2CCC32XX_updateReg)
                  01006b24    0000000e                      : RingBuf.oem4 (.text:RingBuf_isFull)
                  01006b32    0000000e     rtsv7M4_T_le_eabi.lib : copy_decompress_none.c.obj (.text:decompress:none:__TI_decompress_none)
                  01006b40    0000000c     drivers_cc32xx.a : I2CCC32XX.oem4 (.text:I2CCC32XX_postNotify)
                  01006b4c    0000000c                      : PowerCC32XX.oem4 (.text:Power_getConstraintMask)
                  01006b58    0000000c     rtsv7M4_T_le_eabi.lib : s_copysign.c.obj (.text:copysign)
                  01006b64    0000000c                           : copy_zero_init.c.obj (.text:decompress:ZI:__TI_zero_init)
                  01006b70    0000000c     drivers_cc32xx.a : TimerCC32XX.oem4 (.text:postNotifyFxn)
                  01006b7c    0000000c                      : UARTCC32XX.oem4 (.text:postNotifyFxn)
                  01006b88    0000000a     nortos_cc32xx.a : ClockPSysTick_nortos.oem4 (.text:ClockP_Params_init)
                  01006b92    0000000a                     : ClockPSysTick_nortos.oem4 (.text:ClockP_isActive)
                  01006b9c    0000000a     driverlib.a : interrupt.obj (.text:IntMasterDisable)
                  01006ba6    0000000a     drivers_cc32xx.a : UART.oem4 (.text:UART_write)
                  01006bb0    00000008                      : I2CCC32XX.oem4 (.text:I2CCC32XX_blockingCallback)
                  01006bb8    00000008     rtsv7M4_T_le_eabi.lib : errno.c.obj (.text:__aeabi_errno_addr)
                  01006bc0    00000008                           : memory.c.obj (.text:malloc)
                  01006bc8    00000008     drivers_cc32xx.a : UARTCC32XX.oem4 (.text:readSemCallback)
                  01006bd0    00000008                      : UARTCC32XX.oem4 (.text:writeSemCallback)
                  01006bd8    00000006                      : I2CCC32XX.oem4 (.text:I2CSupport_powerRelConstraint)
                  01006bde    00000006                      : I2CCC32XX.oem4 (.text:I2CSupport_powerSetConstraint)
                  01006be4    00000006     driverlib.a : utils.obj (.text:UtilsDelay)
                  01006bea    00000004     nortos_cc32xx.a : ClockPSysTick_nortos.oem4 (.text:ClockP_setTimeout)
                  01006bee    00000004                     : HwiPCC32XX_nortos.oem4 (.text:HwiP_post)
                  01006bf2    00000004                     : SemaphoreP_nortos.oem4 (.text:SemaphoreP_delete)
                  01006bf6    00000004     rtsv7M4_T_le_eabi.lib : pre_init.c.obj (.text:_system_pre_init)
                  01006bfa    00000004                           : exit.c.obj (.text:abort:abort)

.const     0    01006c00    000004e0     
                  01006c00    00000101     rtsv7M4_T_le_eabi.lib : ctype.c.obj (.const:.string:_ctypes_)
                  01006d01    00000003     --HOLE-- [fill = 0]
                  01006d04    00000100     driverlib.a : pin.obj (.const:g_ulPinToPadMap)
                  01006e04    000000a8                 : prcm.obj (.const:PRCM_PeriphRegsList)
                  01006eac    00000044     ti_drivers_config.obj (.const:PowerCC32XX_config)
                  01006ef0    00000028     drivers_cc32xx.a : UARTCC32XX.oem4 (.const:UARTCC32XX_fxnTable)
                  01006f18    00000028                      : GPIOCC32XX.oem4 (.const:portConfigs)
                  01006f40    00000024                      : UART.oem4 (.const:UART_defaultParams)
                  01006f64    00000024     ti_drivers_config.obj (.const:uartCC32XXHWAttrs0)
                  01006f88    00000021     drivers_cc32xx.a : GPIOCC32XX.oem4 (.const:.string:pinTable)
                  01006fa9    00000003     --HOLE-- [fill = 0]
                  01006fac    00000020                      : UARTCC32XX.oem4 (.const:staticFxnTable)
                  01006fcc    00000018     driverlib.a : interrupt.obj (.const:g_pulEnRegs)
                  01006fe4    00000018                 : interrupt.obj (.const:g_pulPendRegs)
                  01006ffc    00000018     gpiointerrupt.obj (.const:sensors)
                  01007014    00000014     ti_drivers_config.obj (.const:i2cCC32XXHWAttrs)
                  01007028    00000014     drivers_cc32xx.a : UARTCC32XX.oem4 (.const:parityType)
                  0100703c    00000010     ti_drivers_config.obj (.const:GPIO_config)
                  0100704c    00000010     drivers_cc32xx.a : I2C.oem4 (.const:I2C_defaultParams)
                  0100705c    00000010                      : I2CCC32XX.oem4 (.const:I2C_defaultParams)
                  0100706c    00000010                      : UARTCC32XX.oem4 (.const:dataLength)
                  0100707c    00000010     ti_drivers_config.obj (.const:timerCC32XXHWAttrs)
                  0100708c    0000000c     gpiointerrupt.obj (.const:.string)
                  01007098    0000000c     ti_drivers_config.obj (.const:UART_config)
                  010070a4    0000000c     drivers_cc32xx.a : Timer.oem4 (.const:defaultParams)
                  010070b0    0000000c                      : TimerCC32XX.oem4 (.const:defaultParams)
                  010070bc    0000000b     ti_drivers_config.obj (.const)
                  010070c7    00000001     --HOLE-- [fill = 0]
                  010070c8    00000008     ti_drivers_config.obj (.const:I2C_config)
                  010070d0    00000008     ti_drivers_config.obj (.const:Timer_config)
                  010070d8    00000008     drivers_cc32xx.a : UARTCC32XX.oem4 (.const:stopBits)

.cinit     0    010070e0    000000f8     
                  010070e0    000000cf     (.cinit..data.load) [load image, compression = lzss]
                  010071af    00000001     --HOLE-- [fill = 0]
                  010071b0    0000000c     (__TI_handler_table)
                  010071bc    00000004     --HOLE-- [fill = 0]
                  010071c0    00000008     (.cinit..bss.load) [load image, compression = zero_init]
                  010071c8    00000010     (__TI_cinit_table)

.init_array 
*          0    01000800    00000000     UNINITIALIZED

.ramVecs   0    20000000    0000030c     NOLOAD SECTION
                  20000000    0000030c     nortos_cc32xx.a : startup_cc32xx_ccs.oem4 (.ramVecs)

.sysmem    0    20000310    00008000     UNINITIALIZED
                  20000310    00000010     rtsv7M4_T_le_eabi.lib : memory.c.obj (.sysmem)
                  20000320    00007ff0     --HOLE--

.data      0    20008310    000006a0     UNINITIALIZED
                  20008310    0000030c     nortos_cc32xx.a : HwiPCC32XX_nortos.oem4 (.data:HwiP_dispatchTable)
                  2000861c    0000016c     drivers_cc32xx.a : PowerCC32XX.oem4 (.data:PowerCC32XX_module)
                  20008788    000000f8     ti_drivers_config.obj (.data:parkInfo)
                  20008880    00000084     ti_drivers_config.obj (.data:gpioPinConfigs)
                  20008904    0000007c     gpiointerrupt.obj (.data:$O1$$)
                  20008980    00000008     rtsv7M4_T_le_eabi.lib : _lock.c.obj (.data:$O1$$)
                  20008988    00000008                           : memory.c.obj (.data:$O1$$)
                  20008990    00000008     nortos_cc32xx.a : SemaphoreP_nortos.oem4 (.data:SemaphoreP_defaultParams)
                  20008998    00000008                     : HwiPCC32XX_nortos.oem4 (.data)
                  200089a0    00000005                     : ClockPSysTick_nortos.oem4 (.data)
                  200089a5    00000003                     : SemaphoreP_nortos.oem4 (.data)
                  200089a8    00000004     rtsv7M4_T_le_eabi.lib : errno.c.obj (.data)
                  200089ac    00000002     drivers_cc32xx.a : GPIOCC32XX.oem4 (.data)
                  200089ae    00000001                      : UART.oem4 (.data)
                  200089af    00000001     gpiointerrupt.obj (.data)

.bss       0    200089b0    00000498     UNINITIALIZED
                  200089b0    0000012c     (.common:PowerCC32XX_contextSave)
                  20008adc    000000fc     (.common:i2cCC32XXObjects)
                  20008bd8    00000084     (.common:gpioCallbackFunctions)
                  20008c5c    00000084     (.common:gpioUserArgs)
                  20008ce0    00000084     (.common:timerCC32XXObjects)
                  20008d64    00000084     (.common:uartCC32XXObjects0)
                  20008de8    00000020     ti_drivers_config.obj (.bss:uartCC32XXRingBuffer0)
                  20008e08    00000014     drivers_cc32xx.a : GPIOCC32XX.oem4 (.bss:powerNotifyObj)
                  20008e1c    00000004                      : GPIOCC32XX.oem4 (.bss)
                  20008e20    00000010     (.common:ClockP_ctrl)
                  20008e30    0000000d     nortos_cc32xx.a : SwiP_nortos.oem4 (.bss)
                  20008e3d    00000003     --HOLE--
                  20008e40    00000004                     : ClockPSysTick_nortos.oem4 (.bss)
                  20008e44    00000004     drivers_cc32xx.a : TimerCC32XX.oem4 (.bss:timerState)

.stack     0    2003f000    00001000     UNINITIALIZED
                  2003f000    00000004     rtsv7M4_T_le_eabi.lib : boot_cortex_m.c.obj (.stack)
                  2003f004    00000ffc     --HOLE--

.log_data 
*          0    90000000    00000000     COPY SECTION

__llvm_prf_cnts 
*          0    20000000    00000000     UNINITIALIZED

.binit     0    01000000    00000000     

MODULE SUMMARY

       Module                       code    ro data   rw data
       ------                       ----    -------   -------
    ./
       gpiointerrupt.obj            1420    36        125    
       main_nortos.obj              18      0         0      
    +--+----------------------------+-------+---------+---------+
       Total:                       1438    36        125    
                                                             
    ./syscfg/
       ti_drivers_config.obj        22      195       1192   
    +--+----------------------------+-------+---------+---------+
       Total:                       22      195       1192   
                                                             
    /Applications/ti/ccs1110/ccs/tools/compiler/ti-cgt-arm_20.2.6.LTS/lib/rtsv7M4_T_le_eabi.lib
       _printfi.c.obj               4835    0         0      
       memory.c.obj                 672     0         8      
       fd_add_t2.asm.obj            438     0         0      
       fd_div_t2.asm.obj            310     0         0      
       fd_cmp_t2.asm.obj            268     0         0      
       ctype.c.obj                  0       257       0      
       fd_mul_t2.asm.obj            252     0         0      
       s_scalbn.c.obj               208     0         0      
       memcpy_t2.asm.obj            156     0         0      
       ull_div_t2.asm.obj           150     0         0      
       snprintf.c.obj               148     0         0      
       fs_mul_t2.asm.obj            122     0         0      
       memset_t2.asm.obj            122     0         0      
       copy_decompress_lzss.c.obj   104     0         0      
       s_frexp.c.obj                92      0         0      
       _ltoa.c.obj                  84      0         0      
       atoi.c.obj                   76      0         0      
       fd_toi_t2.asm.obj            72      0         0      
       autoinit.c.obj               68      0         0      
       fs_toi_t2.asm.obj            56      0         0      
       i_tofs_t2.asm.obj            56      0         0      
       i_tofd_t2.asm.obj            46      0         0      
       boot_cortex_m.c.obj          36      0         0      
       memccpy.c.obj                28      0         0      
       ll_mul_t2.asm.obj            24      0         0      
       strchr.c.obj                 22      0         0      
       strlen.c.obj                 20      0         0      
       wcslen.c.obj                 18      0         0      
       copy_decompress_none.c.obj   14      0         0      
       copy_zero_init.c.obj         12      0         0      
       errno.c.obj                  8       0         4      
       s_copysign.c.obj             12      0         0      
       _lock.c.obj                  2       0         8      
       exit.c.obj                   4       0         0      
       pre_init.c.obj               4       0         0      
       div0.asm.obj                 2       0         0      
    +--+----------------------------+-------+---------+---------+
       Total:                       8541    257       20     
                                                             
    /Applications/ti/simplelink_cc32xx_sdk_5_30_00_08/kernel/nortos/lib/ccs/m4/nortos_cc32xx.a
       HwiPCC32XX_nortos.oem4       394     0         788    
       startup_cc32xx_ccs.oem4      90      64        780    
       ClockPSysTick_nortos.oem4    702     0         25     
       PowerCC32XX_nortos.oem4      472     0         0      
       SemaphoreP_nortos.oem4       410     0         11     
       SwiP_nortos.oem4             96      0         13     
    +--+----------------------------+-------+---------+---------+
       Total:                       2164    64        1617   
                                                             
    /Applications/ti/simplelink_cc32xx_sdk_5_30_00_08/source/ti/devices/cc32xx/driverlib/ccs/Release/driverlib.a
       prcm.obj                     1604    168       0      
       pin.obj                      280     256       0      
       interrupt.obj                334     48        0      
       i2c.obj                      318     0         0      
       timer.obj                    264     0         0      
       flash.obj                    72      0         0      
       uart.obj                     48      0         0      
       cpu.obj                      20      0         0      
       utils.obj                    6       0         0      
    +--+----------------------------+-------+---------+---------+
       Total:                       2946    472       0      
                                                             
    /Applications/ti/simplelink_cc32xx_sdk_5_30_00_08/source/ti/drivers/lib/ccs/m4/drivers_cc32xx.a
       UARTCC32XX.oem4              3466    116       0      
       PowerCC32XX.oem4             2432    0         664    
       I2CCC32XX.oem4               1452    16        0      
       GPIOCC32XX.oem4              1068    73        26     
       TimerCC32XX.oem4             876     12        4      
       I2C.oem4                     366     16        0      
       UART.oem4                    166     36        1      
       RingBuf.oem4                 198     0         0      
       Timer.oem4                   140     12        0      
       PowerCC32XX_asm.oem4         150     0         0      
       List.oem4                    76      0         0      
       GPIO.oem4                    24      0         0      
    +--+----------------------------+-------+---------+---------+
       Total:                       10414   281       695    
                                                             
       Heap:                        0       0         32768  
       Stack:                       0       0         4096   
       Linker Generated:            0       243       0      
    +--+----------------------------+-------+---------+---------+
       Grand Total:                 25525   1548      40513  


LINKER GENERATED COPY TABLES

__TI_cinit_table @ 010071c8 records: 2, size/record: 8, table size: 16
	.data: load addr=010070e0, load size=000000cf bytes, run addr=20008310, run size=000006a0 bytes, compression=lzss
	.bss: load addr=010071c0, load size=00000008 bytes, run addr=200089b0, run size=00000498 bytes, compression=zero_init


LINKER GENERATED HANDLER TABLE

__TI_handler_table @ 010071b0 records: 3, size/record: 4, table size: 12
	index: 0, handler: __TI_decompress_lzss
	index: 1, handler: __TI_decompress_none
	index: 2, handler: __TI_zero_init


GLOBAL SYMBOLS: SORTED ALPHABETICALLY BY Name 

address   name                             
-------   ----                             
010068ab  Board_init                       
0100128f  Board_initHook                   
01006bfb  C$$EXIT                          
010070be  CONFIG_GPIO_BUTTON_0_CONST       
010070bf  CONFIG_GPIO_BUTTON_1_CONST       
010070c0  CONFIG_GPIO_LED_0_CONST          
010070c1  CONFIG_I2C_0_CONST               
010070c3  CONFIG_TIMER_0_CONST             
010070c5  CONFIG_UART_0_CONST              
010068bf  CPUcpsid                         
01006b89  ClockP_Params_init               
010069e1  ClockP_add                       
01005b5d  ClockP_construct                 
0100666d  ClockP_create                    
20008e20  ClockP_ctrl                      
010069f1  ClockP_delete                    
01005d5d  ClockP_destruct                  
01005405  ClockP_doTick                    
01006a01  ClockP_getCpuFreq                
01006a11  ClockP_getSystemTicks            
01006041  ClockP_getTicksUntilInterrupt    
01006b93  ClockP_isActive                  
01006a21  ClockP_setTicks                  
01006beb  ClockP_setTimeout                
010061ad  ClockP_start                     
01006075  ClockP_startup                   
0100593d  ClockP_stop                      
01005405  ClockP_sysTickHandler            
200089a0  ClockP_tickPeriod                
01005671  FlashDisable                     
0100703c  GPIO_config                      
010056b9  GPIO_disableInt                  
01005701  GPIO_enableInt                   
01004fe9  GPIO_hwiIntFxn                   
01004389  GPIO_init                        
010070bc  GPIO_pinLowerBound               
010070bd  GPIO_pinUpperBound               
010066bd  GPIO_setCallback                 
010024b1  GPIO_setConfig                   
01004ebd  GPIO_setInterruptConfig          
01004859  GPIO_write                       
01006975  HwiP_Params_init                 
01006ad1  HwiP_clearInterrupt              
010044a9  HwiP_construct                   
01006299  HwiP_create                      
01006a31  HwiP_delete                      
01006503  HwiP_destruct                    
01006adf  HwiP_disable                     
01006aed  HwiP_disableInterrupt            
01006451  HwiP_dispatch                    
01006afb  HwiP_enable                      
01006b09  HwiP_enableInterrupt             
010068d5  HwiP_inISR                       
20008998  HwiP_key                         
01006bef  HwiP_post                        
01006a41  HwiP_restore                     
2000899c  HwiP_swiPIntNum                  
010063b9  I2CFIFODataGetNonBlocking        
01006317  I2CFIFODataPutNonBlocking        
01006a51  I2CFIFOStatus                    
0100683d  I2CMasterBurstLengthSet          
010066d5  I2CMasterBusBusy                 
01006987  I2CMasterIntClearEx              
010066ed  I2CMasterIntDisableEx            
01006705  I2CMasterIntEnableEx             
01006585  I2CMasterIntStatusEx             
010064e1  I2CMasterSlaveAddrSet            
0100671d  I2CRxFIFOFlush                   
010068e9  I2CSupport_masterFinish          
01006bd9  I2CSupport_powerRelConstraint    
01006bdf  I2CSupport_powerSetConstraint    
01004d83  I2CSupport_primeTransfer         
01006735  I2CTxFIFOFlush                   
01006a61  I2C_Params_init                  
010063df  I2C_cancel                       
010070c8  I2C_config                       
010070c2  I2C_count                        
0100704c  I2C_defaultParams                
01002313  I2C_init                         
010031d9  I2C_open                         
010068fd  I2C_transfer                     
01002d77  I2C_transferTimeout              
UNDEFED   ITM_flush                        
UNDEFED   ITM_restore                      
01003e85  IntEnable                        
01006b9d  IntMasterDisable                 
01004535  IntPendSet                       
01006911  IntVTableBaseSet                 
01006405  List_put                         
0100642b  List_remove                      
01006afb  NoRTOS_start                     
01001291  PRCMCC3200MCUInit                
01006853  PRCMHIBRegRead                   
01006869  PRCMHIBRegWrite                  
01005749  PRCMLPDSEnter                    
01005e4d  PRCMLPDSEnterKeepDebugIf         
01005981  PRCMLPDSRestoreInfoSet           
01006341  PRCMPeripheralClkDisable         
01005791  PRCMPeripheralClkEnable          
01005161  PRCMPeripheralReset              
01005049  PRCMSysResetCauseGet             
010045bd  PinConfigSet                     
010060a9  PinModeGet                       
01005b9d  PinModeSet                       
010065fd  PinToPadGet                      
01006eac  PowerCC32XX_config               
01003f2d  PowerCC32XX_configureWakeup      
200089b0  PowerCC32XX_contextSave          
010059c5  PowerCC32XX_enterLPDS            
0100626d  PowerCC32XX_getParkState         
010034c3  PowerCC32XX_initPolicy           
2000861c  PowerCC32XX_module               
01005541  PowerCC32XX_parkPin              
01006475  PowerCC32XX_reset                
010060dd  PowerCC32XX_restoreParkState     
010061dd  PowerCC32XX_restoreParkedPin     
0100530f  PowerCC32XX_resumeLPDS           
01004f21  PowerCC32XX_setParkState         
01002315  PowerCC32XX_sleepPolicy          
01006925  Power_disablePolicy              
01006a71  Power_enablePolicy               
01006b4d  Power_getConstraintMask          
01006939  Power_getDependencyCount         
0100674d  Power_getTransitionLatency       
01006765  Power_idleFunc                   
01004751  Power_init                       
01006369  Power_registerNotify             
010057d9  Power_releaseConstraint          
010051b9  Power_releaseDependency          
01005d99  Power_setConstraint              
010048d9  Power_setDependency              
010029d1  Power_sleep                      
01006525  Power_unregisterNotify           
01006999  RingBuf_construct                
01005bdd  RingBuf_get                      
01006b25  RingBuf_isFull                   
01006545  RingBuf_peek                     
010058b1  RingBuf_put                      
01006a81  SemaphoreP_Params_init           
01005455  SemaphoreP_construct             
010065a3  SemaphoreP_constructBinary       
0100687f  SemaphoreP_create                
01006687  SemaphoreP_createBinary          
20008990  SemaphoreP_defaultParams         
01006bf3  SemaphoreP_delete                
0100382f  SemaphoreP_destruct              
01004119  SemaphoreP_pend                  
01005a09  SemaphoreP_post                  
01006619  SwiP_disable                     
01005a4d  SwiP_restore                     
010054a5  TimerCC32XX_allocateTimerResource
01006111  TimerCC32XX_freeTimerResource    
01005f9d  TimerControlStall                
010065c1  TimerDisable                     
010065df  TimerEnable                      
200089af  TimerFlag                        
010069ab  TimerIntClear                    
0100677d  TimerIntDisable                  
01006795  TimerIntEnable                   
010062c3  TimerLoadSet                     
010062ed  TimerPrescaleSet                 
01006499  TimerSupport_timerDisable        
01005c1d  TimerSupport_timerEnable         
01006a91  Timer_Params_init                
01005c5d  Timer_close                      
010070d0  Timer_config                     
010070c4  Timer_count                      
010039ab  Timer_init                       
01002b09  Timer_open                       
01005a91  Timer_start                      
01005fd3  Timer_stop                       
010067ad  UARTBusy                         
01002e99  UARTCC32XX_close                 
010033d1  UARTCC32XX_control               
01006ef0  UARTCC32XX_fxnTable              
01004387  UARTCC32XX_init                  
010016bd  UARTCC32XX_open                  
01005c9d  UARTCC32XX_read                  
01006009  UARTCC32XX_readCancel            
010038f1  UARTCC32XX_readPolling           
01003765  UARTCC32XX_write                 
01004e55  UARTCC32XX_writeCancel           
01004f85  UARTCC32XX_writePolling          
010067c5  UARTIntEnable                    
010067dd  UART_Params_init                 
01007098  UART_config                      
010070c6  UART_count                       
01006f40  UART_defaultParams               
01005ad5  UART_init                        
01005cdd  UART_open                        
01006ba7  UART_write                       
01006be5  UtilsDelay                       
20040000  __STACK_END                      
00001000  __STACK_SIZE                     
00008000  __SYSMEM_SIZE                    
010071c8  __TI_CINIT_Base                  
010071d8  __TI_CINIT_Limit                 
010071b0  __TI_Handler_Table_Base          
010071bc  __TI_Handler_Table_Limit         
01005b19  __TI_auto_init_nobinit_nopinit   
01004ded  __TI_decompress_lzss             
01006b33  __TI_decompress_none             
01005267  __TI_ltoa                        
ffffffff  __TI_pprof_out_hndl              
01000841  __TI_printfi                     
ffffffff  __TI_prof_data_size              
ffffffff  __TI_prof_data_start             
010070e0  __TI_static_base__               
01006b65  __TI_zero_init                   
01004645  __aeabi_cdcmpeq                  
01004645  __aeabi_cdcmple                  
010046cb  __aeabi_cdrcmple                 
01005869  __aeabi_d2iz                     
01002167  __aeabi_dadd                     
01002c41  __aeabi_ddiv                     
010032d5  __aeabi_dmul                     
0100215d  __aeabi_dsub                     
01006bb9  __aeabi_errno_addr               
01005f2d  __aeabi_f2iz                     
01004a4f  __aeabi_fmul                     
0100623d  __aeabi_i2d                      
01005f65  __aeabi_i2f                      
0100626b  __aeabi_idiv0                    
0100626b  __aeabi_ldiv0                    
0100680d  __aeabi_lmul                     
01004ac9  __aeabi_memclr                   
01004ac9  __aeabi_memclr4                  
01004ac9  __aeabi_memclr8                  
01004255  __aeabi_memcpy                   
01004255  __aeabi_memcpy4                  
01004255  __aeabi_memcpy8                  
01004acb  __aeabi_memset                   
01004acb  __aeabi_memset4                  
01004acb  __aeabi_memset8                  
010042f1  __aeabi_uldivmod                 
ffffffff  __binit__                        
ffffffff  __c_args__                       
UNDEFED   __mpu_init                       
2003f000  __stack                          
20000000  __start___llvm_prf_cnts          
20000000  __stop___llvm_prf_cnts           
010064bd  _c_int00_noargs                  
01006c00  _ctypes_                         
20008980  _lock                            
01004c2f  _nop                             
20000310  _sys_memory                      
UNDEFED   _system_post_cinit               
01006bf7  _system_pre_init                 
20008984  _unlock                          
01006bfb  abort                            
010030d9  aligned_alloc                    
0100558d  atoi                             
ffffffff  binit                            
01004fe7  clkFxn                           
01006b59  copysign                         
01006b59  copysignl                        
200089a8  errno                            
010035b1  free                             
010050a9  frexp                            
010050a9  frexpl                           
01006aa1  gpioButtonFxn0                   
01006ab1  gpioButtonFxn1                   
20008bd8  gpioCallbackFunctions            
20008880  gpioPinConfigs                   
20008c5c  gpioUserArgs                     
20008905  heat                             
20008908  i2c                              
01007014  i2cCC32XXHWAttrs                 
20008adc  i2cCC32XXObjects                 
20008920  i2cTransaction                   
01001f99  initI2C                          
01005821  initTimer                        
01005dd5  initUART                         
01005ebd  initVectors                      
01003695  ldexp                            
01003695  ldexpl                           
010069bd  main                             
01001bad  mainThread                       
01006bc1  malloc                           
010030d9  memalign                         
01006651  memccpy                          
01004255  memcpy                           
01004ad1  memset                           
20008940  output                           
20008788  parkInfo                         
010034c5  readTemp                         
010066a1  resetISR                         
010066b4  resetVectorAddr                  
01000800  resetVectors                     
20008906  rxBuffer                         
01003695  scalbn                           
01003695  scalbnl                          
2000891c  seconds                          
20008918  setpoint                         
01005625  snprintf                         
01006895  strchr                           
01006961  strlen                           
20008914  timer                            
20008910  timer0                           
0100707c  timerCC32XXHWAttrs               
20008ce0  timerCC32XXObjects               
01006825  timerCallback                    
20008904  txBuffer                         
2000890c  uart                             
20008d64  uartCC32XXObjects0               
010069cf  wcslen                           


GLOBAL SYMBOLS: SORTED BY Symbol Address 

address   name                             
-------   ----                             
00001000  __STACK_SIZE                     
00008000  __SYSMEM_SIZE                    
01000800  resetVectors                     
01000841  __TI_printfi                     
0100128f  Board_initHook                   
01001291  PRCMCC3200MCUInit                
010016bd  UARTCC32XX_open                  
01001bad  mainThread                       
01001f99  initI2C                          
0100215d  __aeabi_dsub                     
01002167  __aeabi_dadd                     
01002313  I2C_init                         
01002315  PowerCC32XX_sleepPolicy          
010024b1  GPIO_setConfig                   
010029d1  Power_sleep                      
01002b09  Timer_open                       
01002c41  __aeabi_ddiv                     
01002d77  I2C_transferTimeout              
01002e99  UARTCC32XX_close                 
010030d9  aligned_alloc                    
010030d9  memalign                         
010031d9  I2C_open                         
010032d5  __aeabi_dmul                     
010033d1  UARTCC32XX_control               
010034c3  PowerCC32XX_initPolicy           
010034c5  readTemp                         
010035b1  free                             
01003695  ldexp                            
01003695  ldexpl                           
01003695  scalbn                           
01003695  scalbnl                          
01003765  UARTCC32XX_write                 
0100382f  SemaphoreP_destruct              
010038f1  UARTCC32XX_readPolling           
010039ab  Timer_init                       
01003e85  IntEnable                        
01003f2d  PowerCC32XX_configureWakeup      
01004119  SemaphoreP_pend                  
01004255  __aeabi_memcpy                   
01004255  __aeabi_memcpy4                  
01004255  __aeabi_memcpy8                  
01004255  memcpy                           
010042f1  __aeabi_uldivmod                 
01004387  UARTCC32XX_init                  
01004389  GPIO_init                        
010044a9  HwiP_construct                   
01004535  IntPendSet                       
010045bd  PinConfigSet                     
01004645  __aeabi_cdcmpeq                  
01004645  __aeabi_cdcmple                  
010046cb  __aeabi_cdrcmple                 
01004751  Power_init                       
01004859  GPIO_write                       
010048d9  Power_setDependency              
01004a4f  __aeabi_fmul                     
01004ac9  __aeabi_memclr                   
01004ac9  __aeabi_memclr4                  
01004ac9  __aeabi_memclr8                  
01004acb  __aeabi_memset                   
01004acb  __aeabi_memset4                  
01004acb  __aeabi_memset8                  
01004ad1  memset                           
01004c2f  _nop                             
01004d83  I2CSupport_primeTransfer         
01004ded  __TI_decompress_lzss             
01004e55  UARTCC32XX_writeCancel           
01004ebd  GPIO_setInterruptConfig          
01004f21  PowerCC32XX_setParkState         
01004f85  UARTCC32XX_writePolling          
01004fe7  clkFxn                           
01004fe9  GPIO_hwiIntFxn                   
01005049  PRCMSysResetCauseGet             
010050a9  frexp                            
010050a9  frexpl                           
01005161  PRCMPeripheralReset              
010051b9  Power_releaseDependency          
01005267  __TI_ltoa                        
0100530f  PowerCC32XX_resumeLPDS           
01005405  ClockP_doTick                    
01005405  ClockP_sysTickHandler            
01005455  SemaphoreP_construct             
010054a5  TimerCC32XX_allocateTimerResource
01005541  PowerCC32XX_parkPin              
0100558d  atoi                             
01005625  snprintf                         
01005671  FlashDisable                     
010056b9  GPIO_disableInt                  
01005701  GPIO_enableInt                   
01005749  PRCMLPDSEnter                    
01005791  PRCMPeripheralClkEnable          
010057d9  Power_releaseConstraint          
01005821  initTimer                        
01005869  __aeabi_d2iz                     
010058b1  RingBuf_put                      
0100593d  ClockP_stop                      
01005981  PRCMLPDSRestoreInfoSet           
010059c5  PowerCC32XX_enterLPDS            
01005a09  SemaphoreP_post                  
01005a4d  SwiP_restore                     
01005a91  Timer_start                      
01005ad5  UART_init                        
01005b19  __TI_auto_init_nobinit_nopinit   
01005b5d  ClockP_construct                 
01005b9d  PinModeSet                       
01005bdd  RingBuf_get                      
01005c1d  TimerSupport_timerEnable         
01005c5d  Timer_close                      
01005c9d  UARTCC32XX_read                  
01005cdd  UART_open                        
01005d5d  ClockP_destruct                  
01005d99  Power_setConstraint              
01005dd5  initUART                         
01005e4d  PRCMLPDSEnterKeepDebugIf         
01005ebd  initVectors                      
01005f2d  __aeabi_f2iz                     
01005f65  __aeabi_i2f                      
01005f9d  TimerControlStall                
01005fd3  Timer_stop                       
01006009  UARTCC32XX_readCancel            
01006041  ClockP_getTicksUntilInterrupt    
01006075  ClockP_startup                   
010060a9  PinModeGet                       
010060dd  PowerCC32XX_restoreParkState     
01006111  TimerCC32XX_freeTimerResource    
010061ad  ClockP_start                     
010061dd  PowerCC32XX_restoreParkedPin     
0100623d  __aeabi_i2d                      
0100626b  __aeabi_idiv0                    
0100626b  __aeabi_ldiv0                    
0100626d  PowerCC32XX_getParkState         
01006299  HwiP_create                      
010062c3  TimerLoadSet                     
010062ed  TimerPrescaleSet                 
01006317  I2CFIFODataPutNonBlocking        
01006341  PRCMPeripheralClkDisable         
01006369  Power_registerNotify             
010063b9  I2CFIFODataGetNonBlocking        
010063df  I2C_cancel                       
01006405  List_put                         
0100642b  List_remove                      
01006451  HwiP_dispatch                    
01006475  PowerCC32XX_reset                
01006499  TimerSupport_timerDisable        
010064bd  _c_int00_noargs                  
010064e1  I2CMasterSlaveAddrSet            
01006503  HwiP_destruct                    
01006525  Power_unregisterNotify           
01006545  RingBuf_peek                     
01006585  I2CMasterIntStatusEx             
010065a3  SemaphoreP_constructBinary       
010065c1  TimerDisable                     
010065df  TimerEnable                      
010065fd  PinToPadGet                      
01006619  SwiP_disable                     
01006651  memccpy                          
0100666d  ClockP_create                    
01006687  SemaphoreP_createBinary          
010066a1  resetISR                         
010066b4  resetVectorAddr                  
010066bd  GPIO_setCallback                 
010066d5  I2CMasterBusBusy                 
010066ed  I2CMasterIntDisableEx            
01006705  I2CMasterIntEnableEx             
0100671d  I2CRxFIFOFlush                   
01006735  I2CTxFIFOFlush                   
0100674d  Power_getTransitionLatency       
01006765  Power_idleFunc                   
0100677d  TimerIntDisable                  
01006795  TimerIntEnable                   
010067ad  UARTBusy                         
010067c5  UARTIntEnable                    
010067dd  UART_Params_init                 
0100680d  __aeabi_lmul                     
01006825  timerCallback                    
0100683d  I2CMasterBurstLengthSet          
01006853  PRCMHIBRegRead                   
01006869  PRCMHIBRegWrite                  
0100687f  SemaphoreP_create                
01006895  strchr                           
010068ab  Board_init                       
010068bf  CPUcpsid                         
010068d5  HwiP_inISR                       
010068e9  I2CSupport_masterFinish          
010068fd  I2C_transfer                     
01006911  IntVTableBaseSet                 
01006925  Power_disablePolicy              
01006939  Power_getDependencyCount         
01006961  strlen                           
01006975  HwiP_Params_init                 
01006987  I2CMasterIntClearEx              
01006999  RingBuf_construct                
010069ab  TimerIntClear                    
010069bd  main                             
010069cf  wcslen                           
010069e1  ClockP_add                       
010069f1  ClockP_delete                    
01006a01  ClockP_getCpuFreq                
01006a11  ClockP_getSystemTicks            
01006a21  ClockP_setTicks                  
01006a31  HwiP_delete                      
01006a41  HwiP_restore                     
01006a51  I2CFIFOStatus                    
01006a61  I2C_Params_init                  
01006a71  Power_enablePolicy               
01006a81  SemaphoreP_Params_init           
01006a91  Timer_Params_init                
01006aa1  gpioButtonFxn0                   
01006ab1  gpioButtonFxn1                   
01006ad1  HwiP_clearInterrupt              
01006adf  HwiP_disable                     
01006aed  HwiP_disableInterrupt            
01006afb  HwiP_enable                      
01006afb  NoRTOS_start                     
01006b09  HwiP_enableInterrupt             
01006b25  RingBuf_isFull                   
01006b33  __TI_decompress_none             
01006b4d  Power_getConstraintMask          
01006b59  copysign                         
01006b59  copysignl                        
01006b65  __TI_zero_init                   
01006b89  ClockP_Params_init               
01006b93  ClockP_isActive                  
01006b9d  IntMasterDisable                 
01006ba7  UART_write                       
01006bb9  __aeabi_errno_addr               
01006bc1  malloc                           
01006bd9  I2CSupport_powerRelConstraint    
01006bdf  I2CSupport_powerSetConstraint    
01006be5  UtilsDelay                       
01006beb  ClockP_setTimeout                
01006bef  HwiP_post                        
01006bf3  SemaphoreP_delete                
01006bf7  _system_pre_init                 
01006bfb  C$$EXIT                          
01006bfb  abort                            
01006c00  _ctypes_                         
01006eac  PowerCC32XX_config               
01006ef0  UARTCC32XX_fxnTable              
01006f40  UART_defaultParams               
01007014  i2cCC32XXHWAttrs                 
0100703c  GPIO_config                      
0100704c  I2C_defaultParams                
0100707c  timerCC32XXHWAttrs               
01007098  UART_config                      
010070bc  GPIO_pinLowerBound               
010070bd  GPIO_pinUpperBound               
010070be  CONFIG_GPIO_BUTTON_0_CONST       
010070bf  CONFIG_GPIO_BUTTON_1_CONST       
010070c0  CONFIG_GPIO_LED_0_CONST          
010070c1  CONFIG_I2C_0_CONST               
010070c2  I2C_count                        
010070c3  CONFIG_TIMER_0_CONST             
010070c4  Timer_count                      
010070c5  CONFIG_UART_0_CONST              
010070c6  UART_count                       
010070c8  I2C_config                       
010070d0  Timer_config                     
010070e0  __TI_static_base__               
010071b0  __TI_Handler_Table_Base          
010071bc  __TI_Handler_Table_Limit         
010071c8  __TI_CINIT_Base                  
010071d8  __TI_CINIT_Limit                 
20000000  __start___llvm_prf_cnts          
20000000  __stop___llvm_prf_cnts           
20000310  _sys_memory                      
2000861c  PowerCC32XX_module               
20008788  parkInfo                         
20008880  gpioPinConfigs                   
20008904  txBuffer                         
20008905  heat                             
20008906  rxBuffer                         
20008908  i2c                              
2000890c  uart                             
20008910  timer0                           
20008914  timer                            
20008918  setpoint                         
2000891c  seconds                          
20008920  i2cTransaction                   
20008940  output                           
20008980  _lock                            
20008984  _unlock                          
20008990  SemaphoreP_defaultParams         
20008998  HwiP_key                         
2000899c  HwiP_swiPIntNum                  
200089a0  ClockP_tickPeriod                
200089a8  errno                            
200089af  TimerFlag                        
200089b0  PowerCC32XX_contextSave          
20008adc  i2cCC32XXObjects                 
20008bd8  gpioCallbackFunctions            
20008c5c  gpioUserArgs                     
20008ce0  timerCC32XXObjects               
20008d64  uartCC32XXObjects0               
20008e20  ClockP_ctrl                      
2003f000  __stack                          
20040000  __STACK_END                      
ffffffff  __TI_pprof_out_hndl              
ffffffff  __TI_prof_data_size              
ffffffff  __TI_prof_data_start             
ffffffff  __binit__                        
ffffffff  __c_args__                       
ffffffff  binit                            
UNDEFED   ITM_flush                        
UNDEFED   ITM_restore                      
UNDEFED   __mpu_init                       
UNDEFED   _system_post_cinit               

[306 symbols]
